Component: ARM Compiler 5.06 update 4 (build 422) Tool: armlink [4d35d2]

==============================================================================

Section Cross References

    main.o(i.assert_nrf_callback) refers to app_error.o(i.app_error_handler) for app_error_handler
    main.o(i.ble_evt_handler) refers to nrf_log_frontend.o(i.nrf_log_frontend_std_0) for nrf_log_frontend_std_0
    main.o(i.ble_evt_handler) refers to bsp.o(i.bsp_indication_set) for bsp_indication_set
    main.o(i.ble_evt_handler) refers to app_error.o(i.app_error_handler_bare) for app_error_handler_bare
    main.o(i.ble_evt_handler) refers to memcpya.o(.text) for __aeabi_memcpy
    main.o(i.ble_evt_handler) refers to main.o(.data) for .data
    main.o(i.ble_evt_handler) refers to nrf_log_frontend.o(log_dynamic_data) for m_nrf_log_app_logs_data_dynamic
    main.o(i.bsp_event_handler) refers to main.o(i.sleep_mode_enter) for sleep_mode_enter
    main.o(i.bsp_event_handler) refers to app_error.o(i.app_error_handler_bare) for app_error_handler_bare
    main.o(i.bsp_event_handler) refers to ble_advertising.o(i.ble_advertising_restart_without_whitelist) for ble_advertising_restart_without_whitelist
    main.o(i.bsp_event_handler) refers to main.o(.data) for .data
    main.o(i.bsp_event_handler) refers to main.o(.bss) for .bss
    main.o(i.conn_params_error_handler) refers to app_error.o(i.app_error_handler_bare) for app_error_handler_bare
    main.o(i.gatt_evt_handler) refers to nrf_log_frontend.o(i.nrf_log_frontend_std_2) for nrf_log_frontend_std_2
    main.o(i.gatt_evt_handler) refers to main.o(.data) for .data
    main.o(i.gatt_evt_handler) refers to nrf_log_frontend.o(log_dynamic_data) for m_nrf_log_app_logs_data_dynamic
    main.o(i.gatt_init) refers to nrf_ble_gatt.o(i.nrf_ble_gatt_init) for nrf_ble_gatt_init
    main.o(i.gatt_init) refers to app_error.o(i.app_error_handler_bare) for app_error_handler_bare
    main.o(i.gatt_init) refers to nrf_ble_gatt.o(i.nrf_ble_gatt_att_mtu_periph_set) for nrf_ble_gatt_att_mtu_periph_set
    main.o(i.gatt_init) refers to main.o(i.gatt_evt_handler) for gatt_evt_handler
    main.o(i.gatt_init) refers to main.o(.bss) for .bss
    main.o(i.main) refers to app_timer.o(i.app_timer_init) for app_timer_init
    main.o(i.main) refers to app_error.o(i.app_error_handler_bare) for app_error_handler_bare
    main.o(i.main) refers to memcpya.o(.text) for __aeabi_memcpy4
    main.o(i.main) refers to app_uart_fifo.o(i.app_uart_init) for app_uart_init
    main.o(i.main) refers to nrf_log_frontend.o(i.nrf_log_init) for nrf_log_init
    main.o(i.main) refers to nrf_log_default_backends.o(i.nrf_log_default_backends_init) for nrf_log_default_backends_init
    main.o(i.main) refers to bsp.o(i.bsp_init) for bsp_init
    main.o(i.main) refers to bsp_btn_ble.o(i.bsp_btn_ble_init) for bsp_btn_ble_init
    main.o(i.main) refers to nrf_sdh.o(i.nrf_sdh_enable_request) for nrf_sdh_enable_request
    main.o(i.main) refers to nrf_sdh_ble.o(i.nrf_sdh_ble_default_cfg_set) for nrf_sdh_ble_default_cfg_set
    main.o(i.main) refers to nrf_sdh_ble.o(i.nrf_sdh_ble_enable) for nrf_sdh_ble_enable
    main.o(i.main) refers to main.o(i.gatt_init) for gatt_init
    main.o(i.main) refers to ble_nus.o(i.ble_nus_init) for ble_nus_init
    main.o(i.main) refers to memseta.o(.text) for __aeabi_memclr4
    main.o(i.main) refers to ble_advertising.o(i.ble_advertising_init) for ble_advertising_init
    main.o(i.main) refers to ble_advertising.o(i.ble_advertising_conn_cfg_tag_set) for ble_advertising_conn_cfg_tag_set
    main.o(i.main) refers to ble_conn_params.o(i.ble_conn_params_init) for ble_conn_params_init
    main.o(i.main) refers to printfb.o(i.__0printf$bare) for __2printf
    main.o(i.main) refers to nrf_log_frontend.o(i.nrf_log_frontend_std_0) for nrf_log_frontend_std_0
    main.o(i.main) refers to ble_advertising.o(i.ble_advertising_start) for ble_advertising_start
    main.o(i.main) refers to main.o(.constdata) for .constdata
    main.o(i.main) refers to main.o(.bss) for .bss
    main.o(i.main) refers to main.o(i.uart_event_handle) for uart_event_handle
    main.o(i.main) refers to main.o(i.bsp_event_handler) for bsp_event_handler
    main.o(i.main) refers to main.o(i.nus_data_handler) for nus_data_handler
    main.o(i.main) refers to main.o(.data) for .data
    main.o(i.main) refers to main.o(i.on_adv_evt) for on_adv_evt
    main.o(i.main) refers to main.o(i.on_conn_params_evt) for on_conn_params_evt
    main.o(i.main) refers to main.o(i.conn_params_error_handler) for conn_params_error_handler
    main.o(i.main) refers to nrf_log_frontend.o(log_dynamic_data) for m_nrf_log_app_logs_data_dynamic
    main.o(i.nus_data_handler) refers to app_uart_fifo.o(i.app_uart_put) for app_uart_put
    main.o(i.nus_data_handler) refers to nrf_log_frontend.o(i.nrf_log_frontend_std_1) for nrf_log_frontend_std_1
    main.o(i.nus_data_handler) refers to app_error.o(i.app_error_handler_bare) for app_error_handler_bare
[...]
    log_const_data                           0x0002915c   Section        8  nrf_balloc.o(log_const_data)
    __tagsym$$used                           0x0002915c   Number         0  nrf_balloc.o(log_const_data)
    log_const_data                           0x00029164   Section        8  nrf_pwr_mgmt.o(log_const_data)
    __tagsym$$used                           0x00029164   Number         0  nrf_pwr_mgmt.o(log_const_data)
    log_const_data                           0x0002916c   Section        8  nrf_log_frontend.o(log_const_data)
    __tagsym$$used                           0x0002916c   Number         0  nrf_log_frontend.o(log_const_data)
    log_const_data                           0x00029174   Section        8  nrf_sdh.o(log_const_data)
    __tagsym$$used                           0x00029174   Number         0  nrf_sdh.o(log_const_data)
    log_const_data                           0x0002917c   Section        8  nrf_sdh_ble.o(log_const_data)
    __tagsym$$used                           0x0002917c   Number         0  nrf_sdh_ble.o(log_const_data)
    log_const_data                           0x00029184   Section        8  nrf_sdh_soc.o(log_const_data)
    __tagsym$$used                           0x00029184   Number         0  nrf_sdh_soc.o(log_const_data)
    sdh_ble_observers0                       0x0002918c   Section        8  ble_conn_state.o(sdh_ble_observers0)
    __tagsym$$used                           0x0002918c   Number         0  ble_conn_state.o(sdh_ble_observers0)
    m_ble_evt_observer                       0x0002918c   Data           8  ble_conn_state.o(sdh_ble_observers0)
    sdh_ble_observers1                       0x00029194   Section        8  main.o(sdh_ble_observers1)
    __tagsym$$used                           0x00029194   Number         0  main.o(sdh_ble_observers1)
    m_ble_observer                           0x00029194   Data           8  main.o(sdh_ble_observers1)
    sdh_ble_observers1                       0x0002919c   Section        8  bsp_btn_ble.o(sdh_ble_observers1)
    __tagsym$$used                           0x0002919c   Number         0  bsp_btn_ble.o(sdh_ble_observers1)
    m_ble_observer                           0x0002919c   Data           8  bsp_btn_ble.o(sdh_ble_observers1)
    sdh_ble_observers2                       0x000291a4   Section       24  main.o(sdh_ble_observers2)
    __tagsym$$used                           0x000291a4   Number         0  main.o(sdh_ble_observers2)
    m_nus_obs                                0x000291a4   Data           8  main.o(sdh_ble_observers2)
    __tagsym$$used                           0x000291ac   Number         0  main.o(sdh_ble_observers2)
    m_gatt_obs                               0x000291ac   Data           8  main.o(sdh_ble_observers2)
    __tagsym$$used                           0x000291b4   Number         0  main.o(sdh_ble_observers2)
    m_advertising_ble_obs                    0x000291b4   Data           8  main.o(sdh_ble_observers2)
    sdh_ble_observers2                       0x000291bc   Section        8  ble_conn_params.o(sdh_ble_observers2)
    __tagsym$$used                           0x000291bc   Number         0  ble_conn_params.o(sdh_ble_observers2)
    m_ble_observer                           0x000291bc   Data           8  ble_conn_params.o(sdh_ble_observers2)
    sdh_req_observers0                       0x000291c4   Section        8  nrf_fstorage_sd.o(sdh_req_observers0)
    __tagsym$$used                           0x000291c4   Number         0  nrf_fstorage_sd.o(sdh_req_observers0)
    sdh_soc_observers0                       0x000291cc   Section        8  nrf_drv_clock.o(sdh_soc_observers0)
    __tagsym$$used                           0x000291cc   Number         0  nrf_drv_clock.o(sdh_soc_observers0)
    m_soc_evt_observer                       0x000291cc   Data           8  nrf_drv_clock.o(sdh_soc_observers0)
    sdh_soc_observers0                       0x000291d4   Section        8  nrf_fstorage_sd.o(sdh_soc_observers0)
    __tagsym$$used                           0x000291d4   Number         0  nrf_fstorage_sd.o(sdh_soc_observers0)
    m_sys_obs                                0x000291d4   Data           8  nrf_fstorage_sd.o(sdh_soc_observers0)
    sdh_soc_observers1                       0x000291dc   Section        8  main.o(sdh_soc_observers1)
    __tagsym$$used                           0x000291dc   Number         0  main.o(sdh_soc_observers1)
    m_advertising_soc_obs                    0x000291dc   Data           8  main.o(sdh_soc_observers1)
    sdh_stack_observers0                     0x000291e4   Section        8  nrf_sdh_ble.o(sdh_stack_observers0)
    __tagsym$$used                           0x000291e4   Number         0  nrf_sdh_ble.o(sdh_stack_observers0)
    m_nrf_sdh_ble_evts_poll                  0x000291e4   Data           8  nrf_sdh_ble.o(sdh_stack_observers0)
    sdh_stack_observers0                     0x000291ec   Section        8  nrf_sdh_soc.o(sdh_stack_observers0)
    __tagsym$$used                           0x000291ec   Number         0  nrf_sdh_soc.o(sdh_stack_observers0)
    m_nrf_sdh_soc_evts_poll                  0x000291ec   Data           8  nrf_sdh_soc.o(sdh_stack_observers0)
    sdh_state_observers0                     0x000291f4   Section        8  nrf_drv_clock.o(sdh_state_observers0)
    __tagsym$$used                           0x000291f4   Number         0  nrf_drv_clock.o(sdh_state_observers0)
    m_sd_state_observer                      0x000291f4   Data           8  nrf_drv_clock.o(sdh_state_observers0)
    sdh_state_observers0                     0x000291fc   Section        8  nrf_fstorage_sd.o(sdh_state_observers0)
    __tagsym$$used                           0x000291fc   Number         0  nrf_fstorage_sd.o(sdh_state_observers0)
    m_state_obs                              0x000291fc   Data           8  nrf_fstorage_sd.o(sdh_state_observers0)
    .data                                    0x20002a68   Section       10  main.o(.data)
    index                                    0x20002a68   Data           1  main.o(.data)
    m_conn_handle                            0x20002a6a   Data           2  main.o(.data)
    m_ble_nus_max_data_len                   0x20002a6c   Data           2  main.o(.data)
    m_adv_uuids                              0x20002a6e   Data           4  main.o(.data)
    .data                                    0x20002a74   Section       16  bsp.o(.data)
    m_stable_state                           0x20002a74   Data           1  bsp.o(.data)
    m_leds_clear                             0x20002a75   Data           1  bsp.o(.data)
    m_alert_on                               0x20002a76   Data           1  bsp.o(.data)
    current_long_push_pin_no                 0x20002a77   Data           1  bsp.o(.data)
    m_indication_type                        0x20002a78   Data           4  bsp.o(.data)
    m_registered_callback                    0x20002a7c   Data           4  bsp.o(.data)
    release_event_at_push                    0x20002a80   Data           4  bsp.o(.data)
    .data                                    0x20002a84   Section        8  bsp_btn_ble.o(.data)
    m_error_handler                          0x20002a84   Data           4  bsp_btn_ble.o(.data)
    m_num_connections                        0x20002a88   Data           4  bsp_btn_ble.o(.data)
    .data                                    0x20002a8c   Section        8  ble_conn_params.o(.data)
    m_preferred_conn_params                  0x20002a8c   Data           8  ble_conn_params.o(.data)
    .data                                    0x20002a94   Section       20  app_button.o(.data)
    m_button_count                           0x20002a94   Data           1  app_button.o(.data)
    mp_buttons                               0x20002a98   Data           4  app_button.o(.data)
    m_detection_delay                        0x20002a9c   Data           4  app_button.o(.data)
    m_pin_state                              0x20002aa0   Data           4  app_button.o(.data)
    m_pin_transition                         0x20002aa4   Data           4  app_button.o(.data)
    .data                                    0x20002aa8   Section       20  app_timer.o(.data)
    m_ticks_elapsed_q_read_ind               0x20002aa8   Data           1  app_timer.o(.data)
    m_ticks_elapsed_q_write_ind              0x20002aa9   Data           1  app_timer.o(.data)
    m_rtc1_running                           0x20002aaa   Data           1  app_timer.o(.data)
    m_rtc1_reset                             0x20002aab   Data           1  app_timer.o(.data)
    mp_timer_id_head                         0x20002aac   Data           4  app_timer.o(.data)
    m_ticks_latest                           0x20002ab0   Data           4  app_timer.o(.data)
    m_ticks_elapsed                          0x20002ab4   Data           8  app_timer.o(.data)
    .data                                    0x20002abc   Section       16  app_uart_fifo.o(.data)
    tx_buffer                                0x20002abc   Data           1  app_uart_fifo.o(.data)
    rx_buffer                                0x20002abd   Data           1  app_uart_fifo.o(.data)
    m_rx_ovf                                 0x20002abe   Data           1  app_uart_fifo.o(.data)
    m_event_handler                          0x20002ac0   Data           4  app_uart_fifo.o(.data)
    app_uart_inst                            0x20002ac4   Data           8  app_uart_fifo.o(.data)
    .data                                    0x20002acc   Section        8  nrf_fstorage_sd.o(.data)
    m_flags                                  0x20002acc   Data           4  nrf_fstorage_sd.o(.data)
    m_retry_cnt                              0x20002ad0   Data           4  nrf_fstorage_sd.o(.data)
    .data                                    0x20002ad4   Section        4  retarget.o(.data)
    .data                                    0x20002ad8   Section       12  nrf_log_default_backends.o(.data)
    rtt_log_backend                          0x20002ad8   Data          12  nrf_log_default_backends.o(.data)
    .data                                    0x20002ae4   Section        8  nrf_log_frontend.o(.data)
    mempool_nrf_balloc_pool_stack            0x20002ae4   Data           8  nrf_log_frontend.o(.data)
    .data                                    0x20002aec   Section        8  nrf_log_frontend.o(.data)
    mempool_nrf_balloc_cb                    0x20002aec   Data           8  nrf_log_frontend.o(.data)
    .data                                    0x20002af4   Section       56  nrf_log_str_formatter.o(.data)
    severity_names                           0x20002af4   Data          20  nrf_log_str_formatter.o(.data)
    m_colors                                 0x20002b08   Data          36  nrf_log_str_formatter.o(.data)
    .data                                    0x20002b2c   Section        3  nrf_sdh.o(.data)
    m_nrf_sdh_enabled                        0x20002b2c   Data           1  nrf_sdh.o(.data)
    m_nrf_sdh_suspended                      0x20002b2d   Data           1  nrf_sdh.o(.data)
    m_nrf_sdh_continue                       0x20002b2e   Data           1  nrf_sdh.o(.data)
    .data                                    0x20002b30   Section        4  system_nrf52.o(.data)
    __tagsym$$used                           0x20002b30   Number         0  system_nrf52.o(.data)
    log_dynamic_data                         0x20002b34   Section       12  nrf_ble_gatt.o(log_dynamic_data)
    __tagsym$$used                           0x20002b34   Number         0  nrf_ble_gatt.o(log_dynamic_data)
    log_dynamic_data                         0x20002b40   Section       12  nrf_drv_clock.o(log_dynamic_data)
    __tagsym$$used                           0x20002b40   Number         0  nrf_drv_clock.o(log_dynamic_data)
    log_dynamic_data                         0x20002b4c   Section       12  nrf_drv_gpiote.o(log_dynamic_data)
    __tagsym$$used                           0x20002b4c   Number         0  nrf_drv_gpiote.o(log_dynamic_data)
    log_dynamic_data                         0x20002b58   Section       12  nrf_drv_uart.o(log_dynamic_data)
    __tagsym$$used                           0x20002b58   Number         0  nrf_drv_uart.o(log_dynamic_data)
    log_dynamic_data                         0x20002b64   Section       12  nrf_balloc.o(log_dynamic_data)
    __tagsym$$used                           0x20002b64   Number         0  nrf_balloc.o(log_dynamic_data)
    log_dynamic_data                         0x20002b70   Section       12  nrf_pwr_mgmt.o(log_dynamic_data)
    __tagsym$$used                           0x20002b70   Number         0  nrf_pwr_mgmt.o(log_dynamic_data)
    log_dynamic_data                         0x20002b7c   Section       12  nrf_log_frontend.o(log_dynamic_data)
    __tagsym$$used                           0x20002b7c   Number         0  nrf_log_frontend.o(log_dynamic_data)
    log_dynamic_data                         0x20002b88   Section       12  nrf_sdh.o(log_dynamic_data)
    __tagsym$$used                           0x20002b88   Number         0  nrf_sdh.o(log_dynamic_data)
    log_dynamic_data                         0x20002b94   Section       12  nrf_sdh_ble.o(log_dynamic_data)
    __tagsym$$used                           0x20002b94   Number         0  nrf_sdh_ble.o(log_dynamic_data)
    log_dynamic_data                         0x20002ba0   Section       12  nrf_sdh_soc.o(log_dynamic_data)
    __tagsym$$used                           0x20002ba0   Number         0  nrf_sdh_soc.o(log_dynamic_data)
    .bss                                     0x20002bac   Section     1020  main.o(.bss)
    data_array                               0x20002bac   Data         244  main.o(.bss)
    rx_buf                                   0x20002ca0   Data         256  main.o(.bss)
    tx_buf                                   0x20002da0   Data         256  main.o(.bss)
    m_nus                                    0x20002ea0   Data          28  main.o(.bss)
    m_gatt                                   0x20002ebc   Data          20  main.o(.bss)
    m_advertising                            0x20002ed0   Data         216  main.o(.bss)
    .bss                                     0x20002fa8   Section       32  bsp.o(.bss)
    m_leds_timer_id_data                     0x20002fa8   Data          32  bsp.o(.bss)
    .bss                                     0x20002fc8   Section       32  bsp.o(.bss)
    m_alert_timer_id_data                    0x20002fc8   Data          32  bsp.o(.bss)
    .bss                                     0x20002fe8   Section       12  bsp.o(.bss)
    m_events_list                            0x20002fe8   Data          12  bsp.o(.bss)
    .bss                                     0x20002ff4   Section       32  bsp.o(.bss)
    m_button_timer_id_data                   0x20002ff4   Data          32  bsp.o(.bss)
    .bss                                     0x20003014   Section       80  ble_conn_params.o(.bss)
    m_timer_data                             0x20003014   Data          32  ble_conn_params.o(.bss)
    m_conn_params_instances                  0x20003034   Data          20  ble_conn_params.o(.bss)
    m_conn_params_config                     0x20003048   Data          28  ble_conn_params.o(.bss)
    .bss                                     0x20003064   Section      184  ble_conn_state.o(.bss)
    m_bcs                                    0x20003064   Data         184  ble_conn_state.o(.bss)
    .bss                                     0x2000311c   Section       20  nrf_drv_clock.o(.bss)
    m_clock_cb                               0x2000311c   Data          20  nrf_drv_clock.o(.bss)
    .bss                                     0x20003130   Section       88  nrf_drv_gpiote.o(.bss)
    m_cb                                     0x20003130   Data          88  nrf_drv_gpiote.o(.bss)
    .bss                                     0x20003188   Section       32  nrf_drv_uart.o(.bss)
    m_cb                                     0x20003188   Data          32  nrf_drv_uart.o(.bss)
    .bss                                     0x200031a8   Section       32  app_button.o(.bss)
    m_detection_delay_timer_id_data          0x200031a8   Data          32  app_button.o(.bss)
    .bss                                     0x200031c8   Section      268  app_timer.o(.bss)
    m_op_queue                               0x200031c8   Data         268  app_timer.o(.bss)
    .bss                                     0x200032d4   Section       32  app_uart_fifo.o(.bss)
    m_rx_fifo                                0x200032d4   Data          16  app_uart_fifo.o(.bss)
    m_tx_fifo                                0x200032e4   Data          16  app_uart_fifo.o(.bss)
    .bss                                     0x200032f4   Section       12  app_util_platform.o(.bss)
    .bss                                     0x20003300   Section      120  nrf_fstorage_sd.o(.bss)
    m_queue                                  0x20003300   Data         120  nrf_fstorage_sd.o(.bss)
    .bss                                     0x20003378   Section       64  nrf_log_backend_rtt.o(.bss)
    m_string_buff                            0x20003378   Data          64  nrf_log_backend_rtt.o(.bss)
    .bss                                     0x200033b8   Section      192  nrf_log_frontend.o(.bss)
    mempool_nrf_balloc_pool_mem              0x200033b8   Data         192  nrf_log_frontend.o(.bss)
    .bss                                     0x20003478   Section     1056  nrf_log_frontend.o(.bss)
    m_log_data                               0x20003478   Data        1056  nrf_log_frontend.o(.bss)
    .bss                                     0x20003898   Section      648  segger_rtt.o(.bss)
    _acUpBuffer                              0x20003910   Data         512  segger_rtt.o(.bss)
    _acDownBuffer                            0x20003b10   Data          16  segger_rtt.o(.bss)
    STACK                                    0x20003b20   Section     8192  arm_startup_nrf52.o(STACK)

    Global Symbols

    Symbol Name                              Value     Ov Type        Size  Object(Section)

    BuildAttributes$$THM_ISAv4$E$P$D$K$B$S$7EM$VFPi3$EXTD16$VFPS$VFMA$PE$A:L22UL41UL21$X:L11$S22US41US21$IEEE1$IW$USESV6$~STKCKD$USESV7$~SHL$OSPACE$ROPI$EBA8$MICROLIB$REQ8$PRES8$EABIv2 0x00000000   Number         0  anon$$obj.o ABSOLUTE
    __ARM_use_no_argv                        0x00000000   Number         0  main.o ABSOLUTE
    __cpp_initialize__aeabi_                  - Undefined Weak Reference
    __cxa_finalize                            - Undefined Weak Reference
    _clock_init                               - Undefined Weak Reference
    _microlib_exit                            - Undefined Weak Reference
    fs_data$$Base                             - Undefined Reference
    fs_data$$Limit                            - Undefined Reference
    pwr_mgmt_data0$$Base                      - Undefined Reference
    pwr_mgmt_data0$$Limit                     - Undefined Reference
    pwr_mgmt_data1$$Base                      - Undefined Reference
    pwr_mgmt_data1$$Limit                     - Undefined Reference
    pwr_mgmt_data2$$Base                      - Undefined Reference
    pwr_mgmt_data2$$Limit                     - Undefined Reference
    sdh_req_observers1$$Base                  - Undefined Reference
    sdh_req_observers1$$Limit                 - Undefined Reference
    sdh_stack_observers1$$Base                - Undefined Reference
    sdh_stack_observers1$$Limit               - Undefined Reference
    sdh_state_observers1$$Base                - Undefined Reference
    sdh_state_observers1$$Limit               - Undefined Reference
    __Vectors_Size                           0x00000200   Number         0  arm_startup_nrf52.o ABSOLUTE
    __Vectors                                0x00023000   Data           4  arm_startup_nrf52.o(RESET)
    __Vectors_End                            0x00023200   Data           0  arm_startup_nrf52.o(RESET)
    __main                                   0x00023201   Thumb Code     0  entry.o(.ARM.Collect$$$$00000000)
    _main_stk                                0x00023201   Thumb Code     0  entry2.o(.ARM.Collect$$$$00000001)
    _main_scatterload                        0x00023205   Thumb Code     0  entry5.o(.ARM.Collect$$$$00000004)
    __main_after_scatterload                 0x00023209   Thumb Code     0  entry5.o(.ARM.Collect$$$$00000004)
    _main_clock                              0x00023209   Thumb Code     0  entry7b.o(.ARM.Collect$$$$00000008)
    _main_cpp_init                           0x00023209   Thumb Code     0  entry8b.o(.ARM.Collect$$$$0000000A)
    _main_init                               0x00023209   Thumb Code     0  entry9a.o(.ARM.Collect$$$$0000000B)
    __rt_final_cpp                           0x00023211   Thumb Code     0  entry10a.o(.ARM.Collect$$$$0000000D)
    __rt_final_exit                          0x00023211   Thumb Code     0  entry11a.o(.ARM.Collect$$$$0000000F)
    __asm___12_nrf_memobj_c_9bb9f865__nrf_atomic_internal_mov 0x00023215   Thumb Code    24  nrf_memobj.o(.emb_text)
    __asm___12_nrf_memobj_c_9bb9f865__nrf_atomic_internal_orr 0x0002322d   Thumb Code    26  nrf_memobj.o(.emb_text)
    __asm___12_nrf_memobj_c_9bb9f865__nrf_atomic_internal_and 0x00023247   Thumb Code    26  nrf_memobj.o(.emb_text)
    __asm___12_nrf_memobj_c_9bb9f865__nrf_atomic_internal_eor 0x00023261   Thumb Code    26  nrf_memobj.o(.emb_text)
    __asm___12_nrf_memobj_c_9bb9f865__nrf_atomic_internal_add 0x0002327b   Thumb Code    26  nrf_memobj.o(.emb_text)
    __asm___12_nrf_memobj_c_9bb9f865__nrf_atomic_internal_sub 0x00023295   Thumb Code    26  nrf_memobj.o(.emb_text)
    __asm___18_nrf_log_frontend_c_bc460776__nrf_atomic_internal_mov 0x000232b1   Thumb Code    24  nrf_log_frontend.o(.emb_text)
    __asm___18_nrf_log_frontend_c_bc460776__nrf_atomic_internal_orr 0x000232c9   Thumb Code    26  nrf_log_frontend.o(.emb_text)
    __asm___18_nrf_log_frontend_c_bc460776__nrf_atomic_internal_and 0x000232e3   Thumb Code    26  nrf_log_frontend.o(.emb_text)
    __asm___18_nrf_log_frontend_c_bc460776__nrf_atomic_internal_eor 0x000232fd   Thumb Code    26  nrf_log_frontend.o(.emb_text)
    __asm___18_nrf_log_frontend_c_bc460776__nrf_atomic_internal_add 0x00023317   Thumb Code    26  nrf_log_frontend.o(.emb_text)
    __asm___18_nrf_log_frontend_c_bc460776__nrf_atomic_internal_sub 0x00023331   Thumb Code    26  nrf_log_frontend.o(.emb_text)
    Reset_Handler                            0x0002334d   Thumb Code     8  arm_startup_nrf52.o(.text)
    NMI_Handler                              0x00023355   Thumb Code     2  arm_startup_nrf52.o(.text)
    HardFault_Handler                        0x00023357   Thumb Code     2  arm_startup_nrf52.o(.text)
    MemoryManagement_Handler                 0x00023359   Thumb Code     2  arm_startup_nrf52.o(.text)
    BusFault_Handler                         0x0002335b   Thumb Code     2  arm_startup_nrf52.o(.text)
    UsageFault_Handler                       0x0002335d   Thumb Code     2  arm_startup_nrf52.o(.text)
    SVC_Handler                              0x0002335f   Thumb Code     2  arm_startup_nrf52.o(.text)
    DebugMon_Handler                         0x00023361   Thumb Code     2  arm_startup_nrf52.o(.text)
    PendSV_Handler                           0x00023363   Thumb Code     2  arm_startup_nrf52.o(.text)
    SysTick_Handler                          0x00023365   Thumb Code     2  arm_startup_nrf52.o(.text)
    CCM_AAR_IRQHandler                       0x00023367   Thumb Code     0  arm_startup_nrf52.o(.text)
    COMP_LPCOMP_IRQHandler                   0x00023367   Thumb Code     0  arm_startup_nrf52.o(.text)
    ECB_IRQHandler                           0x00023367   Thumb Code     0  arm_startup_nrf52.o(.text)
    FPU_IRQHandler                           0x00023367   Thumb Code     0  arm_startup_nrf52.o(.text)
    I2S_IRQHandler                           0x00023367   Thumb Code     0  arm_startup_nrf52.o(.text)
    MWU_IRQHandler                           0x00023367   Thumb Code     0  arm_startup_nrf52.o(.text)
    NFCT_IRQHandler                          0x00023367   Thumb Code     0  arm_startup_nrf52.o(.text)
    PDM_IRQHandler                           0x00023367   Thumb Code     0  arm_startup_nrf52.o(.text)
    PWM0_IRQHandler                          0x00023367   Thumb Code     0  arm_startup_nrf52.o(.text)
    PWM1_IRQHandler                          0x00023367   Thumb Code     0  arm_startup_nrf52.o(.text)
    PWM2_IRQHandler                          0x00023367   Thumb Code     0  arm_startup_nrf52.o(.text)
    QDEC_IRQHandler                          0x00023367   Thumb Code     0  arm_startup_nrf52.o(.text)
    RADIO_IRQHandler                         0x00023367   Thumb Code     0  arm_startup_nrf52.o(.text)
    RNG_IRQHandler                           0x00023367   Thumb Code     0  arm_startup_nrf52.o(.text)
    RTC0_IRQHandler                          0x00023367   Thumb Code     0  arm_startup_nrf52.o(.text)
    RTC2_IRQHandler                          0x00023367   Thumb Code     0  arm_startup_nrf52.o(.text)
    SAADC_IRQHandler                         0x00023367   Thumb Code     0  arm_startup_nrf52.o(.text)
    SPIM0_SPIS0_TWIM0_TWIS0_SPI0_TWI0_IRQHandler 0x00023367   Thumb Code     0  arm_startup_nrf52.o(.text)
    SPIM1_SPIS1_TWIM1_TWIS1_SPI1_TWI1_IRQHandler 0x00023367   Thumb Code     0  arm_startup_nrf52.o(.text)
    SPIM2_SPIS2_SPI2_IRQHandler              0x00023367   Thumb Code     0  arm_startup_nrf52.o(.text)
    SWI1_EGU1_IRQHandler                     0x00023367   Thumb Code     0  arm_startup_nrf52.o(.text)
    SWI3_EGU3_IRQHandler                     0x00023367   Thumb Code     0  arm_startup_nrf52.o(.text)
    SWI4_EGU4_IRQHandler                     0x00023367   Thumb Code     0  arm_startup_nrf52.o(.text)
    SWI5_EGU5_IRQHandler                     0x00023367   Thumb Code     0  arm_startup_nrf52.o(.text)
    TEMP_IRQHandler                          0x00023367   Thumb Code     0  arm_startup_nrf52.o(.text)
    TIMER0_IRQHandler                        0x00023367   Thumb Code     0  arm_startup_nrf52.o(.text)
    TIMER1_IRQHandler                        0x00023367   Thumb Code     0  arm_startup_nrf52.o(.text)
    TIMER2_IRQHandler                        0x00023367   Thumb Code     0  arm_startup_nrf52.o(.text)
    TIMER3_IRQHandler                        0x00023367   Thumb Code     0  arm_startup_nrf52.o(.text)
    TIMER4_IRQHandler                        0x00023367   Thumb Code     0  arm_startup_nrf52.o(.text)
    WDT_IRQHandler                           0x00023367   Thumb Code     0  arm_startup_nrf52.o(.text)
    __aeabi_uldivmod                         0x00023371   Thumb Code    98  uldiv.o(.text)
    __rt_ctype_table                         0x000233d5   Thumb Code     4  ctype_o.o(.text)
    __aeabi_memcpy                           0x000233dd   Thumb Code    36  memcpya.o(.text)
    __aeabi_memcpy4                          0x000233dd   Thumb Code     0  memcpya.o(.text)
    __aeabi_memcpy8                          0x000233dd   Thumb Code     0  memcpya.o(.text)
    __aeabi_memset                           0x00023401   Thumb Code    14  memseta.o(.text)
    __aeabi_memset4                          0x00023401   Thumb Code     0  memseta.o(.text)
    __aeabi_memset8                          0x00023401   Thumb Code     0  memseta.o(.text)
    __aeabi_memclr                           0x0002340f   Thumb Code     4  memseta.o(.text)
    __aeabi_memclr4                          0x0002340f   Thumb Code     0  memseta.o(.text)
    __aeabi_memclr8                          0x0002340f   Thumb Code     0  memseta.o(.text)
    _memset$wrapper                          0x00023413   Thumb Code    18  memseta.o(.text)
    strlen                                   0x00023425   Thumb Code    14  strlen.o(.text)
    strcpy                                   0x00023433   Thumb Code    18  strcpy.o(.text)
    __aeabi_llsl                             0x00023445   Thumb Code    30  llshl.o(.text)
    _ll_shift_l                              0x00023445   Thumb Code     0  llshl.o(.text)
    __aeabi_llsr                             0x00023463   Thumb Code    32  llushr.o(.text)
    _ll_ushift_r                             0x00023463   Thumb Code     0  llushr.o(.text)
    __scatterload                            0x00023485   Thumb Code    28  init.o(.text)
    __scatterload_rt2                        0x00023485   Thumb Code     0  init.o(.text)
    __decompress                             0x000234a9   Thumb Code     0  __dczerorl2.o(.text)
    __decompress1                            0x000234a9   Thumb Code    86  __dczerorl2.o(.text)
    GPIOTE_IRQHandler                        0x00023501   Thumb Code   362  nrf_drv_gpiote.o(i.GPIOTE_IRQHandler)
    POWER_CLOCK_IRQHandler                   0x000236d9   Thumb Code    84  nrf_drv_clock.o(i.POWER_CLOCK_IRQHandler)
    RTC1_IRQHandler                          0x00023731   Thumb Code    32  app_timer.o(i.RTC1_IRQHandler)
    SEGGER_RTT_Init                          0x00023755   Thumb Code     4  segger_rtt.o(i.SEGGER_RTT_Init)
    SEGGER_RTT_WriteNoLock                   0x00023759   Thumb Code    86  segger_rtt.o(i.SEGGER_RTT_WriteNoLock)
    SWI0_EGU0_IRQHandler                     0x000237b5   Thumb Code     4  app_timer.o(i.SWI0_EGU0_IRQHandler)
    SWI2_EGU2_IRQHandler                     0x000237b9   Thumb Code     4  nrf_sdh.o(i.SWI2_EGU2_IRQHandler)
    SystemInit                               0x000237bd   Thumb Code   700  system_nrf52.o(i.SystemInit)
    UARTE0_UART0_IRQHandler                  0x00023ab9   Thumb Code    20  nrf_drv_uart.o(i.UARTE0_UART0_IRQHandler)
    __0printf$bare                           0x00023bf1   Thumb Code     8  printfb.o(i.__0printf$bare)
    __1printf$bare                           0x00023bf1   Thumb Code     0  printfb.o(i.__0printf$bare)
    __2printf                                0x00023bf1   Thumb Code     0  printfb.o(i.__0printf$bare)
    __scatterload_copy                       0x00023c01   Thumb Code    14  handlers.o(i.__scatterload_copy)
    __scatterload_null                       0x00023c0f   Thumb Code     2  handlers.o(i.__scatterload_null)
    __scatterload_zeroinit                   0x00023c11   Thumb Code    14  handlers.o(i.__scatterload_zeroinit)
    app_button_enable                        0x00023ca5   Thumb Code    32  app_button.o(i.app_button_enable)
    app_button_init                          0x00023cc9   Thumb Code    96  app_button.o(i.app_button_init)
    app_error_fault_handler                  0x00023d39   Thumb Code    80  app_error_weak.o(i.app_error_fault_handler)
    app_error_handler_bare                   0x00023db1   Thumb Code    22  app_error.o(i.app_error_handler_bare)
    app_fifo_get                             0x00023dc7   Thumb Code    22  app_fifo.o(i.app_fifo_get)
    app_fifo_init                            0x00023ddd   Thumb Code    32  app_fifo.o(i.app_fifo_init)
    app_fifo_put                             0x00023dfd   Thumb Code    26  app_fifo.o(i.app_fifo_put)
    app_timer_create                         0x00023e19   Thumb Code    32  app_timer.o(i.app_timer_create)
    app_timer_init                           0x00023e3d   Thumb Code    70  app_timer.o(i.app_timer_init)
    app_timer_start                          0x00023e91   Thumb Code   126  app_timer.o(i.app_timer_start)
    app_timer_stop                           0x00023f19   Thumb Code    26  app_timer.o(i.app_timer_stop)
    app_uart_get                             0x00023f39   Thumb Code    42  app_uart_fifo.o(i.app_uart_get)
    app_uart_init                            0x00023f6d   Thumb Code   164  app_uart_fifo.o(i.app_uart_init)
    app_uart_put                             0x00024021   Thumb Code    52  app_uart_fifo.o(i.app_uart_put)
    app_util_critical_region_enter           0x0002405d   Thumb Code    64  app_util_platform.o(i.app_util_critical_region_enter)
    app_util_critical_region_exit            0x000240a5   Thumb Code    46  app_util_platform.o(i.app_util_critical_region_exit)
    ble_advdata_encode                       0x00024191   Thumb Code   386  ble_advdata.o(i.ble_advdata_encode)
    ble_advdata_set                          0x00024313   Thumb Code   104  ble_advdata.o(i.ble_advdata_set)
    ble_advertising_conn_cfg_tag_set         0x0002437b   Thumb Code     6  ble_advertising.o(i.ble_advertising_conn_cfg_tag_set)
    ble_advertising_init                     0x00024381   Thumb Code   310  ble_advertising.o(i.ble_advertising_init)
    ble_advertising_on_ble_evt               0x000244b7   Thumb Code   104  ble_advertising.o(i.ble_advertising_on_ble_evt)
    ble_advertising_on_sys_evt               0x0002451f   Thumb Code    50  ble_advertising.o(i.ble_advertising_on_sys_evt)
    ble_advertising_restart_without_whitelist 0x00024551   Thumb Code    60  ble_advertising.o(i.ble_advertising_restart_without_whitelist)
    ble_advertising_start                    0x0002458d   Thumb Code   458  ble_advertising.o(i.ble_advertising_start)
    ble_conn_params_init                     0x00024759   Thumb Code    90  ble_conn_params.o(i.ble_conn_params_init)
    ble_nus_init                             0x00024bd5   Thumb Code    94  ble_nus.o(i.ble_nus_init)
    ble_nus_on_ble_evt                       0x00024c39   Thumb Code   136  ble_nus.o(i.ble_nus_on_ble_evt)
    ble_nus_string_send                      0x00024cc5   Thumb Code    72  ble_nus.o(i.ble_nus_string_send)
    ble_srv_is_notification_enabled          0x00024d0d   Thumb Code     8  ble_srv_common.o(i.ble_srv_is_notification_enabled)
    bsp_board_button_idx_to_pin              0x00024d15   Thumb Code     6  boards.o(i.bsp_board_button_idx_to_pin)
    bsp_board_button_state_get               0x00024d21   Thumb Code    28  boards.o(i.bsp_board_button_state_get)
    bsp_board_led_invert                     0x00024d41   Thumb Code    32  boards.o(i.bsp_board_led_invert)
    bsp_board_led_off                        0x00024d65   Thumb Code    10  boards.o(i.bsp_board_led_off)
    bsp_board_led_on                         0x00024d75   Thumb Code    10  boards.o(i.bsp_board_led_on)
    bsp_board_led_state_get                  0x00024d85   Thumb Code    28  boards.o(i.bsp_board_led_state_get)
    bsp_board_leds_init                      0x00024da5   Thumb Code    38  boards.o(i.bsp_board_leds_init)
    bsp_board_leds_off                       0x00024dd1   Thumb Code    18  boards.o(i.bsp_board_leds_off)
    bsp_board_leds_on                        0x00024de3   Thumb Code    18  boards.o(i.bsp_board_leds_on)
    bsp_board_pin_to_button_idx              0x00024df5   Thumb Code    30  boards.o(i.bsp_board_pin_to_button_idx)
    bsp_btn_ble_init                         0x00024e19   Thumb Code    52  bsp_btn_ble.o(i.bsp_btn_ble_init)
    bsp_btn_ble_sleep_mode_prepare           0x00024e51   Thumb Code    30  bsp_btn_ble.o(i.bsp_btn_ble_sleep_mode_prepare)
    bsp_button_is_pressed                    0x00024f01   Thumb Code     4  bsp.o(i.bsp_button_is_pressed)
    bsp_event_handler                        0x00024f05   Thumb Code    66  main.o(i.bsp_event_handler)
    bsp_event_to_button_action_assign        0x00024f51   Thumb Code    64  bsp.o(i.bsp_event_to_button_action_assign)
    bsp_indication_set                       0x00024f95   Thumb Code    20  bsp.o(i.bsp_indication_set)
    bsp_init                                 0x00024fad   Thumb Code   126  bsp.o(i.bsp_init)
    bsp_wakeup_button_enable                 0x000251f9   Thumb Code    16  bsp.o(i.bsp_wakeup_button_enable)
    buffer_is_empty                          0x00025281   Thumb Code    16  nrf_log_frontend.o(i.buffer_is_empty)
    fputc                                    0x000255cd   Thumb Code    14  retarget.o(i.fputc)
    gatt_evt_handler                         0x000255dd   Thumb Code    48  main.o(i.gatt_evt_handler)
    gatt_init                                0x00025631   Thumb Code    38  main.o(i.gatt_init)
    main                                     0x00025a3d   Thumb Code   410  main.o(i.main)
    nrf_balloc_alloc                         0x00025dfb   Thumb Code    68  nrf_balloc.o(i.nrf_balloc_alloc)
    nrf_balloc_free                          0x00025e3f   Thumb Code    48  nrf_balloc.o(i.nrf_balloc_free)
    nrf_balloc_init                          0x00025e6f   Thumb Code    48  nrf_balloc.o(i.nrf_balloc_init)
    nrf_ble_gatt_att_mtu_periph_set          0x00025eaf   Thumb Code    24  nrf_ble_gatt.o(i.nrf_ble_gatt_att_mtu_periph_set)
    nrf_ble_gatt_init                        0x00025ec7   Thumb Code    34  nrf_ble_gatt.o(i.nrf_ble_gatt_init)
    nrf_ble_gatt_on_ble_evt                  0x00025ee9   Thumb Code   312  nrf_ble_gatt.o(i.nrf_ble_gatt_on_ble_evt)
    nrf_drv_clock_init                       0x000260dd   Thumb Code    64  nrf_drv_clock.o(i.nrf_drv_clock_init)
    nrf_drv_clock_lfclk_release              0x00026125   Thumb Code    40  nrf_drv_clock.o(i.nrf_drv_clock_lfclk_release)
    nrf_drv_common_irq_enable                0x00026151   Thumb Code    56  nrf_drv_common.o(i.nrf_drv_common_irq_enable)
    nrf_drv_gpiote_in_event_enable           0x00026191   Thumb Code   156  nrf_drv_gpiote.o(i.nrf_drv_gpiote_in_event_enable)
    nrf_drv_gpiote_in_init                   0x00026235   Thumb Code   172  nrf_drv_gpiote.o(i.nrf_drv_gpiote_in_init)
    nrf_drv_gpiote_in_is_set                 0x000262ed   Thumb Code    20  nrf_drv_gpiote.o(i.nrf_drv_gpiote_in_is_set)
    nrf_drv_gpiote_init                      0x00026301   Thumb Code    84  nrf_drv_gpiote.o(i.nrf_drv_gpiote_init)
    nrf_drv_gpiote_is_init                   0x0002635d   Thumb Code    14  nrf_drv_gpiote.o(i.nrf_drv_gpiote_is_init)
    nrf_drv_uart_init                        0x00026381   Thumb Code    98  nrf_drv_uart.o(i.nrf_drv_uart_init)
    nrf_drv_uart_rx                          0x000263e9   Thumb Code   170  nrf_drv_uart.o(i.nrf_drv_uart_rx)
    nrf_drv_uart_rx_enable                   0x00026499   Thumb Code    42  nrf_drv_uart.o(i.nrf_drv_uart_rx_enable)
    nrf_drv_uart_tx                          0x00026621   Thumb Code   262  nrf_drv_uart.o(i.nrf_drv_uart_tx)
    nrf_drv_uart_tx_in_progress              0x0002672d   Thumb Code    18  nrf_drv_uart.o(i.nrf_drv_uart_tx_in_progress)
    nrf_fprintf                              0x00026745   Thumb Code    26  nrf_fprintf.o(i.nrf_fprintf)
    nrf_fprintf_buffer_flush                 0x0002675f   Thumb Code    24  nrf_fprintf.o(i.nrf_fprintf_buffer_flush)
    nrf_fprintf_fmt                          0x00026777   Thumb Code   474  nrf_fprintf_format.o(i.nrf_fprintf_fmt)
    nrf_fstorage_is_busy                     0x00026951   Thumb Code    70  nrf_fstorage.o(i.nrf_fstorage_is_busy)
    nrf_fstorage_sdh_req_handler             0x000269a1   Thumb Code    28  nrf_fstorage_sd.o(i.nrf_fstorage_sdh_req_handler)
    nrf_fstorage_sdh_state_handler           0x000269c1   Thumb Code    28  nrf_fstorage_sd.o(i.nrf_fstorage_sdh_state_handler)
    nrf_fstorage_sys_evt_handler             0x000269e1   Thumb Code   176  nrf_fstorage_sd.o(i.nrf_fstorage_sys_evt_handler)
    nrf_log_backend_add                      0x00026bd1   Thumb Code   100  nrf_log_frontend.o(i.nrf_log_backend_add)
    nrf_log_backend_rtt_init                 0x00026c3b   Thumb Code     4  nrf_log_backend_rtt.o(i.nrf_log_backend_rtt_init)
    nrf_log_backend_serial_put               0x00026c59   Thumb Code   210  nrf_log_backend_serial.o(i.nrf_log_backend_serial_put)
    nrf_log_color_id_get                     0x00026d2d   Thumb Code    34  nrf_log_frontend.o(i.nrf_log_color_id_get)
    nrf_log_default_backends_init            0x00026d55   Thumb Code    22  nrf_log_default_backends.o(i.nrf_log_default_backends_init)
    nrf_log_frontend_dequeue                 0x00026d71   Thumb Code   414  nrf_log_frontend.o(i.nrf_log_frontend_dequeue)
    nrf_log_frontend_std_0                   0x00026f1d   Thumb Code     8  nrf_log_frontend.o(i.nrf_log_frontend_std_0)
    nrf_log_frontend_std_1                   0x00026f25   Thumb Code    14  nrf_log_frontend.o(i.nrf_log_frontend_std_1)
    nrf_log_frontend_std_2                   0x00026f33   Thumb Code    16  nrf_log_frontend.o(i.nrf_log_frontend_std_2)
    nrf_log_hexdump_entry_process            0x00026f45   Thumb Code   146  nrf_log_str_formatter.o(i.nrf_log_hexdump_entry_process)
    nrf_log_init                             0x00026ff1   Thumb Code    70  nrf_log_frontend.o(i.nrf_log_init)
    nrf_log_module_cnt_get                   0x0002704d   Thumb Code    10  nrf_log_frontend.o(i.nrf_log_module_cnt_get)
    nrf_log_module_filter_get                0x00027061   Thumb Code    32  nrf_log_frontend.o(i.nrf_log_module_filter_get)
    nrf_log_module_name_get                  0x00027085   Thumb Code    24  nrf_log_frontend.o(i.nrf_log_module_name_get)
    nrf_log_panic                            0x000270a1   Thumb Code    34  nrf_log_frontend.o(i.nrf_log_panic)
    nrf_log_std_entry_process                0x000270c9   Thumb Code   182  nrf_log_str_formatter.o(i.nrf_log_std_entry_process)
    nrf_memobj_alloc                         0x0002717f   Thumb Code    96  nrf_memobj.o(i.nrf_memobj_alloc)
    nrf_memobj_free                          0x000271df   Thumb Code    50  nrf_memobj.o(i.nrf_memobj_free)
    nrf_memobj_get                           0x00027211   Thumb Code    14  nrf_memobj.o(i.nrf_memobj_get)
    nrf_memobj_pool_init                     0x0002721f   Thumb Code     4  nrf_memobj.o(i.nrf_memobj_pool_init)
    nrf_memobj_put                           0x00027223   Thumb Code    34  nrf_memobj.o(i.nrf_memobj_put)
    nrf_memobj_read                          0x00027245   Thumb Code    12  nrf_memobj.o(i.nrf_memobj_read)
    nrf_memobj_write                         0x00027251   Thumb Code    12  nrf_memobj.o(i.nrf_memobj_write)
    nrf_sdh_ble_app_ram_start_get            0x0002725d   Thumb Code    16  nrf_sdh_ble.o(i.nrf_sdh_ble_app_ram_start_get)
    nrf_sdh_ble_default_cfg_set              0x00027271   Thumb Code   312  nrf_sdh_ble.o(i.nrf_sdh_ble_default_cfg_set)
    nrf_sdh_ble_enable                       0x000273c9   Thumb Code    92  nrf_sdh_ble.o(i.nrf_sdh_ble_enable)
    nrf_sdh_disable_request                  0x000274e9   Thumb Code    60  nrf_sdh.o(i.nrf_sdh_disable_request)
    nrf_sdh_enable_request                   0x00027529   Thumb Code    74  nrf_sdh.o(i.nrf_sdh_enable_request)
    nrf_sdh_evts_poll                        0x00027581   Thumb Code    32  nrf_sdh.o(i.nrf_sdh_evts_poll)
    nrf_sdh_is_enabled                       0x000275a5   Thumb Code     6  nrf_sdh.o(i.nrf_sdh_is_enabled)
    nrf_sdh_request_continue                 0x000275b1   Thumb Code    22  nrf_sdh.o(i.nrf_sdh_request_continue)
    nrf_section_iter_init                    0x00027609   Thumb Code    10  nrf_section_iter.o(i.nrf_section_iter_init)
    nrf_section_iter_next                    0x00027637   Thumb Code    32  nrf_section_iter.o(i.nrf_section_iter_next)
    nrf_strerror_find                        0x00027659   Thumb Code    52  nrf_strerror.o(i.nrf_strerror_find)
    nrf_strerror_get                         0x00027691   Thumb Code    14  nrf_strerror.o(i.nrf_strerror_get)
    sdk_mapped_flags_bulk_update_by_key      0x00027cb5   Thumb Code    68  sdk_mapped_flags.o(i.sdk_mapped_flags_bulk_update_by_key)
    sdk_mapped_flags_first_key_index_get     0x00027cf9   Thumb Code    34  sdk_mapped_flags.o(i.sdk_mapped_flags_first_key_index_get)
    sdk_mapped_flags_key_list_get            0x00027d2b   Thumb Code    74  sdk_mapped_flags.o(i.sdk_mapped_flags_key_list_get)
    sdk_mapped_flags_update_by_key           0x00027d75   Thumb Code    14  sdk_mapped_flags.o(i.sdk_mapped_flags_update_by_key)
    uart_event_handle                        0x00028205   Thumb Code    98  main.o(i.uart_event_handle)
    nrf_log_backend_rtt_api                  0x00028908   Data          12  nrf_log_backend_rtt.o(.constdata)
    m_ram_start                              0x00028998   Data           4  nrf_sdh_ble.o(.constdata)
    __ctype_table                            0x000289c8   Data         129  ctype_o.o(.constdata)
    Region$$Table$$Base                      0x0002911c   Number         0  anon$$obj.o(Region$$Table)
    Region$$Table$$Limit                     0x0002913c   Number         0  anon$$obj.o(Region$$Table)
    log_const_data$$Base                     0x0002913c   Number         0  nrf_ble_gatt.o(log_const_data)
    m_nrf_log_ble_gatt_logs_data_const       0x0002913c   Data           8  nrf_ble_gatt.o(log_const_data)
    m_nrf_log_clock_logs_data_const          0x00029144   Data           8  nrf_drv_clock.o(log_const_data)
    m_nrf_log_gpiote_logs_data_const         0x0002914c   Data           8  nrf_drv_gpiote.o(log_const_data)
    m_nrf_log_uart_logs_data_const           0x00029154   Data           8  nrf_drv_uart.o(log_const_data)
    m_nrf_log_balloc_logs_data_const         0x0002915c   Data           8  nrf_balloc.o(log_const_data)
    m_nrf_log_pwr_mgmt_logs_data_const       0x00029164   Data           8  nrf_pwr_mgmt.o(log_const_data)
    m_nrf_log_app_logs_data_const            0x0002916c   Data           8  nrf_log_frontend.o(log_const_data)
    m_nrf_log_nrf_sdh_logs_data_const        0x00029174   Data           8  nrf_sdh.o(log_const_data)
    m_nrf_log_nrf_sdh_ble_logs_data_const    0x0002917c   Data           8  nrf_sdh_ble.o(log_const_data)
    m_nrf_log_nrf_sdh_soc_logs_data_const    0x00029184   Data           8  nrf_sdh_soc.o(log_const_data)
    log_const_data$$Limit                    0x0002918c   Number         0  nrf_sdh_soc.o(log_const_data)
    sdh_ble_observers0$$Base                 0x0002918c   Number         0  ble_conn_state.o(sdh_ble_observers0)
    sdh_ble_observers0$$Limit                0x00029194   Number         0  ble_conn_state.o(sdh_ble_observers0)
    sdh_ble_observers1$$Base                 0x00029194   Number         0  main.o(sdh_ble_observers1)
    sdh_ble_observers1$$Limit                0x000291a4   Number         0  bsp_btn_ble.o(sdh_ble_observers1)
    sdh_ble_observers2$$Base                 0x000291a4   Number         0  main.o(sdh_ble_observers2)
    m_req_obs                                0x000291c4   Data           8  nrf_fstorage_sd.o(sdh_req_observers0)
    sdh_ble_observers2$$Limit                0x000291c4   Number         0  ble_conn_params.o(sdh_ble_observers2)
    sdh_req_observers0$$Base                 0x000291c4   Number         0  nrf_fstorage_sd.o(sdh_req_observers0)
    sdh_req_observers0$$Limit                0x000291cc   Number         0  nrf_fstorage_sd.o(sdh_req_observers0)
    sdh_soc_observers0$$Base                 0x000291cc   Number         0  nrf_drv_clock.o(sdh_soc_observers0)
    sdh_soc_observers0$$Limit                0x000291dc   Number         0  nrf_fstorage_sd.o(sdh_soc_observers0)
    sdh_soc_observers1$$Base                 0x000291dc   Number         0  main.o(sdh_soc_observers1)
    sdh_soc_observers1$$Limit                0x000291e4   Number         0  main.o(sdh_soc_observers1)
    sdh_stack_observers0$$Base               0x000291e4   Number         0  nrf_sdh_ble.o(sdh_stack_observers0)
    sdh_stack_observers0$$Limit              0x000291f4   Number         0  nrf_sdh_soc.o(sdh_stack_observers0)
    sdh_state_observers0$$Base               0x000291f4   Number         0  nrf_drv_clock.o(sdh_state_observers0)
    sdh_state_observers0$$Limit              0x00029204   Number         0  nrf_fstorage_sd.o(sdh_state_observers0)
    Image$$RW_IRAM1$$Base                    0x20002a68   Number         0  anon$$obj.o ABSOLUTE
    __stdout                                 0x20002ad4   Data           4  retarget.o(.data)
    SystemCoreClock                          0x20002b30   Data           4  system_nrf52.o(.data)
    log_dynamic_data$$Base                   0x20002b34   Number         0  nrf_ble_gatt.o(log_dynamic_data)
    m_nrf_log_ble_gatt_logs_data_dynamic     0x20002b34   Data          12  nrf_ble_gatt.o(log_dynamic_data)
    m_nrf_log_clock_logs_data_dynamic        0x20002b40   Data          12  nrf_drv_clock.o(log_dynamic_data)
    m_nrf_log_gpiote_logs_data_dynamic       0x20002b4c   Data          12  nrf_drv_gpiote.o(log_dynamic_data)
    m_nrf_log_uart_logs_data_dynamic         0x20002b58   Data          12  nrf_drv_uart.o(log_dynamic_data)
    m_nrf_log_balloc_logs_data_dynamic       0x20002b64   Data          12  nrf_balloc.o(log_dynamic_data)
    m_nrf_log_pwr_mgmt_logs_data_dynamic     0x20002b70   Data          12  nrf_pwr_mgmt.o(log_dynamic_data)
    m_nrf_log_app_logs_data_dynamic          0x20002b7c   Data          12  nrf_log_frontend.o(log_dynamic_data)
    m_nrf_log_nrf_sdh_logs_data_dynamic      0x20002b88   Data          12  nrf_sdh.o(log_dynamic_data)
    m_nrf_log_nrf_sdh_ble_logs_data_dynamic  0x20002b94   Data          12  nrf_sdh_ble.o(log_dynamic_data)
    m_nrf_log_nrf_sdh_soc_logs_data_dynamic  0x20002ba0   Data          12  nrf_sdh_soc.o(log_dynamic_data)
    nrf_nvic_state                           0x200032f4   Data          12  app_util_platform.o(.bss)
    _SEGGER_RTT                              0x20003898   Data         120  segger_rtt.o(.bss)
    __initial_sp                             0x20005b20   Data           0  arm_startup_nrf52.o(STACK)



==============================================================================

Memory Map of the image

  Image Entry point : 0x00023201

  Load Region LR_IROM1 (Base: 0x00023000, Size: 0x00006348, Max: 0x0005d000, ABSOLUTE, COMPRESSED[0x00006248])

    Execution Region ER_IROM1 (Base: 0x00023000, Size: 0x00006204, Max: 0x0005d000, ABSOLUTE)

    Base Addr    Size         Type   Attr      Idx    E Section Name        Object

    0x00023000   0x00000200   Data   RO         4032    RESET               arm_startup_nrf52.o
    0x00023200   0x00000000   Code   RO         4073  * .ARM.Collect$$$$00000000  mc_w.l(entry.o)
    0x00023200   0x00000004   Code   RO         4376    .ARM.Collect$$$$00000001  mc_w.l(entry2.o)
    0x00023204   0x00000004   Code   RO         4379    .ARM.Collect$$$$00000004  mc_w.l(entry5.o)
    0x00023208   0x00000000   Code   RO         4381    .ARM.Collect$$$$00000008  mc_w.l(entry7b.o)
    0x00023208   0x00000000   Code   RO         4383    .ARM.Collect$$$$0000000A  mc_w.l(entry8b.o)
    0x00023208   0x00000008   Code   RO         4384    .ARM.Collect$$$$0000000B  mc_w.l(entry9a.o)
    0x00023210   0x00000000   Code   RO         4386    .ARM.Collect$$$$0000000D  mc_w.l(entry10a.o)
    0x00023210   0x00000000   Code   RO         4388    .ARM.Collect$$$$0000000F  mc_w.l(entry11a.o)
    0x00023210   0x00000004   Code   RO         4377    .ARM.Collect$$$$00002712  mc_w.l(entry2.o)
    0x00023214   0x0000009a   Code   RO         2879    .emb_text           nrf_memobj.o
    0x000232ae   0x00000002   PAD
    0x000232b0   0x0000009a   Code   RO         3349    .emb_text           nrf_log_frontend.o
    0x0002334a   0x00000002   PAD
    0x0002334c   0x00000024   Code   RO         4033    .text               arm_startup_nrf52.o
    0x00023370   0x00000062   Code   RO         4076    .text               mc_w.l(uldiv.o)
    0x000233d2   0x00000002   PAD
    0x000233d4   0x00000008   Code   RO         4078    .text               mc_w.l(ctype_o.o)
    0x000233dc   0x00000024   Code   RO         4106    .text               mc_w.l(memcpya.o)
    0x00023400   0x00000024   Code   RO         4108    .text               mc_w.l(memseta.o)
    0x00023424   0x0000000e   Code   RO         4110    .text               mc_w.l(strlen.o)
    0x00023432   0x00000012   Code   RO         4112    .text               mc_w.l(strcpy.o)
    0x00023444   0x0000001e   Code   RO         4392    .text               mc_w.l(llshl.o)
    0x00023462   0x00000020   Code   RO         4394    .text               mc_w.l(llushr.o)
    0x00023482   0x00000002   PAD
    0x00023484   0x00000024   Code   RO         4407    .text               mc_w.l(init.o)
    0x000234a8   0x00000056   Code   RO         4421    .text               mc_w.l(__dczerorl2.o)
    0x000234fe   0x00000002   PAD
    0x00023500   0x00000174   Code   RO         1442    i.GPIOTE_IRQHandler  nrf_drv_gpiote.o
    0x00023674   0x00000016   Code   RO         2183    i.NVIC_ClearPendingIRQ  app_timer.o
    0x0002368a   0x00000016   Code   RO         2184    i.NVIC_EnableIRQ    app_timer.o
    0x000236a0   0x00000016   Code   RO         2185    i.NVIC_SetPendingIRQ  app_timer.o
    0x000236b6   0x00000020   Code   RO         2186    i.NVIC_SetPriority  app_timer.o
    0x000236d6   0x00000002   PAD
    0x000236d8   0x00000058   Code   RO         1236    i.POWER_CLOCK_IRQHandler  nrf_drv_clock.o
    0x00023730   0x00000024   Code   RO         2187    i.RTC1_IRQHandler   app_timer.o
    0x00023754   0x00000004   Code   RO         3600    i.SEGGER_RTT_Init   segger_rtt.o
    0x00023758   0x0000005c   Code   RO         3611    i.SEGGER_RTT_WriteNoLock  segger_rtt.o
    0x000237b4   0x00000004   Code   RO         2188    i.SWI0_EGU0_IRQHandler  app_timer.o
    0x000237b8   0x00000004   Code   RO         3824    i.SWI2_EGU2_IRQHandler  nrf_sdh.o
    0x000237bc   0x000002fc   Code   RO         4041    i.SystemInit        system_nrf52.o
    0x00023ab8   0x0000001c   Code   RO         1689    i.UARTE0_UART0_IRQHandler  nrf_drv_uart.o
    0x00023ad4   0x00000068   Code   RO         3615    i._DoInit           segger_rtt.o
    0x00023b3c   0x00000016   Code   RO         3616    i._GetAvailWriteSpace  segger_rtt.o
    0x00023b52   0x0000005a   Code   RO         3618    i._WriteBlocking    segger_rtt.o
    0x00023bac   0x00000042   Code   RO         3619    i._WriteNoCheck     segger_rtt.o
    0x00023bee   0x00000002   PAD
    0x00023bf0   0x00000010   Code   RO         4117    i.__0printf$bare    mc_w.l(printfb.o)
    0x00023c00   0x0000000e   Code   RO         4415    i.__scatterload_copy  mc_w.l(handlers.o)
    0x00023c0e   0x00000002   Code   RO         4416    i.__scatterload_null  mc_w.l(handlers.o)
    0x00023c10   0x0000000e   Code   RO         4417    i.__scatterload_zeroinit  mc_w.l(handlers.o)
    0x00023c1e   0x00000002   PAD
    0x00023c20   0x00000024   Code   RO         3825    i.__sd_nvic_app_accessible_irq  nrf_sdh.o
    0x00023c44   0x00000022   Code   RO         4124    i._printf_core      mc_w.l(printfb.o)
    0x00023c66   0x00000036   Code   RO          562    i.advertising_buttons_configure  bsp_btn_ble.o
    0x00023c9c   0x00000006   Code   RO          442    i.alert_timer_handler  bsp.o
    0x00023ca2   0x00000002   PAD
    0x00023ca4   0x00000024   Code   RO         1921    i.app_button_enable  app_button.o
    0x00023cc8   0x00000070   Code   RO         1922    i.app_button_init   app_button.o
    0x00023d38   0x00000078   Code   RO         2022    i.app_error_fault_handler  app_error_weak.o
    0x00023db0   0x00000016   Code   RO         1983    i.app_error_handler_bare  app_error.o
    0x00023dc6   0x00000016   Code   RO         2060    i.app_fifo_get      app_fifo.o
    0x00023ddc   0x00000020   Code   RO         2061    i.app_fifo_init     app_fifo.o
    0x00023dfc   0x0000001a   Code   RO         2063    i.app_fifo_put      app_fifo.o
    0x00023e16   0x00000002   PAD
    0x00023e18   0x00000024   Code   RO         2191    i.app_timer_create  app_timer.o
    0x00023e3c   0x00000054   Code   RO         2192    i.app_timer_init    app_timer.o
    0x00023e90   0x00000088   Code   RO         2195    i.app_timer_start   app_timer.o
    0x00023f18   0x00000020   Code   RO         2196    i.app_timer_stop    app_timer.o
    0x00023f38   0x00000034   Code   RO         2354    i.app_uart_get      app_uart_fifo.o
    0x00023f6c   0x000000b4   Code   RO         2355    i.app_uart_init     app_uart_fifo.o
    0x00024020   0x0000003c   Code   RO         2356    i.app_uart_put      app_uart_fifo.o
    0x0002405c   0x00000048   Code   RO         2418    i.app_util_critical_region_enter  app_util_platform.o
    0x000240a4   0x00000034   Code   RO         2419    i.app_util_critical_region_exit  app_util_platform.o
    0x000240d8   0x000000b8   Code   RO         1690    i.apply_config      nrf_drv_uart.o
    0x00024190   0x00000182   Code   RO          647    i.ble_advdata_encode  ble_advdata.o
    0x00024312   0x00000068   Code   RO          648    i.ble_advdata_set   ble_advdata.o
    0x0002437a   0x00000006   Code   RO          724    i.ble_advertising_conn_cfg_tag_set  ble_advertising.o
    0x00024380   0x00000136   Code   RO          725    i.ble_advertising_init  ble_advertising.o
    0x000244b6   0x00000068   Code   RO          727    i.ble_advertising_on_ble_evt  ble_advertising.o
    0x0002451e   0x00000032   Code   RO          728    i.ble_advertising_on_sys_evt  ble_advertising.o
    0x00024550   0x0000003c   Code   RO          730    i.ble_advertising_restart_without_whitelist  ble_advertising.o
    0x0002458c   0x000001ca   Code   RO          731    i.ble_advertising_start  ble_advertising.o
    0x00024756   0x00000002   PAD
    0x00024758   0x00000068   Code   RO          803    i.ble_conn_params_init  ble_conn_params.o
    0x000247c0   0x00000060   Code   RO          649    i.ble_device_addr_encode  ble_advdata.o
    0x00024820   0x0000013c   Code   RO            5    i.ble_evt_handler   main.o
    0x0002495c   0x00000070   Code   RO          563    i.ble_evt_handler   bsp_btn_ble.o
    0x000249cc   0x000000fc   Code   RO          805    i.ble_evt_handler   ble_conn_params.o
    0x00024ac8   0x0000010c   Code   RO          896    i.ble_evt_handler   ble_conn_state.o
    0x00024bd4   0x00000064   Code   RO         1186    i.ble_nus_init      ble_nus.o
    0x00024c38   0x0000008c   Code   RO         1187    i.ble_nus_on_ble_evt  ble_nus.o
    0x00024cc4   0x00000048   Code   RO         1188    i.ble_nus_string_send  ble_nus.o
    0x00024d0c   0x00000008   Code   RO         1032    i.ble_srv_is_notification_enabled  ble_srv_common.o
    0x00024d14   0x0000000c   Code   RO          326    i.bsp_board_button_idx_to_pin  boards.o
    0x00024d20   0x00000020   Code   RO          327    i.bsp_board_button_state_get  boards.o
    0x00024d40   0x00000024   Code   RO          330    i.bsp_board_led_invert  boards.o
    0x00024d64   0x00000010   Code   RO          331    i.bsp_board_led_off  boards.o
    0x00024d74   0x00000010   Code   RO          332    i.bsp_board_led_on  boards.o
    0x00024d84   0x00000020   Code   RO          333    i.bsp_board_led_state_get  boards.o
    0x00024da4   0x0000002c   Code   RO          334    i.bsp_board_leds_init  boards.o
    0x00024dd0   0x00000012   Code   RO          335    i.bsp_board_leds_off  boards.o
    0x00024de2   0x00000012   Code   RO          336    i.bsp_board_leds_on  boards.o
    0x00024df4   0x00000024   Code   RO          337    i.bsp_board_pin_to_button_idx  boards.o
    0x00024e18   0x00000038   Code   RO          564    i.bsp_btn_ble_init  bsp_btn_ble.o
    0x00024e50   0x0000001e   Code   RO          565    i.bsp_btn_ble_sleep_mode_prepare  bsp_btn_ble.o
    0x00024e6e   0x00000002   PAD
    0x00024e70   0x00000090   Code   RO          443    i.bsp_button_event_handler  bsp.o
    0x00024f00   0x00000004   Code   RO          444    i.bsp_button_is_pressed  bsp.o
    0x00024f04   0x0000004c   Code   RO            6    i.bsp_event_handler  main.o
    0x00024f50   0x00000044   Code   RO          447    i.bsp_event_to_button_action_assign  bsp.o
    0x00024f94   0x00000018   Code   RO          448    i.bsp_indication_set  bsp.o
    0x00024fac   0x00000094   Code   RO          449    i.bsp_init          bsp.o
    0x00025040   0x000001b8   Code   RO          450    i.bsp_led_indication  bsp.o
    0x000251f8   0x00000010   Code   RO          452    i.bsp_wakeup_button_enable  bsp.o
    0x00025208   0x00000058   Code   RO         3350    i.buf_prealloc      nrf_log_frontend.o
    0x00025260   0x0000001e   Code   RO         2688    i.buffer_add        nrf_fprintf_format.o
    0x0002527e   0x00000002   PAD
    0x00025280   0x00000014   Code   RO         3351    i.buffer_is_empty   nrf_log_frontend.o
    0x00025294   0x00000008   Code   RO          453    i.button_timer_handler  bsp.o
    0x0002529c   0x0000001c   Code   RO         1443    i.channel_free      nrf_drv_gpiote.o
    0x000252b8   0x00000048   Code   RO         1444    i.channel_port_alloc  nrf_drv_gpiote.o
    0x00025300   0x00000010   Code   RO         1445    i.channel_port_get  nrf_drv_gpiote.o
    0x00025310   0x00000028   Code   RO         1237    i.clock_clk_started_notify  nrf_drv_clock.o
    0x00025338   0x000000ac   Code   RO         2198    i.compare_reg_update  app_timer.o
    0x000253e4   0x00000088   Code   RO          650    i.conn_int_encode   ble_advdata.o
    0x0002546c   0x00000004   Code   RO            7    i.conn_params_error_handler  main.o
    0x00025470   0x00000048   Code   RO          806    i.conn_params_negotiation  ble_conn_params.o
    0x000254b8   0x00000060   Code   RO         1924    i.detection_delay_timeout_handler  app_button.o
    0x00025518   0x00000040   Code   RO         2199    i.elapsed_ticks_acquire  app_timer.o
    0x00025558   0x0000004e   Code   RO         2782    i.event_send        nrf_fstorage_sd.o
    0x000255a6   0x00000014   Code   RO         2066    i.fifo_get          app_fifo.o
    0x000255ba   0x00000012   Code   RO         2067    i.fifo_put          app_fifo.o
    0x000255cc   0x0000000e   Code   RO         3116    i.fputc             retarget.o
    0x000255da   0x00000002   PAD
    0x000255dc   0x00000054   Code   RO            8    i.gatt_evt_handler  main.o
    0x00025630   0x00000030   Code   RO            9    i.gatt_init         main.o
    0x00025660   0x00000058   Code   RO         1925    i.gpiote_event_handler  app_button.o
    0x000256b8   0x00000014   Code   RO          807    i.instance_get      ble_conn_params.o
    0x000256cc   0x000000a6   Code   RO         2689    i.int_print         nrf_fprintf_format.o
    0x00025772   0x00000002   PAD
    0x00025774   0x00000078   Code   RO         1691    i.interrupts_enable  nrf_drv_uart.o
    0x000257ec   0x00000044   Code   RO          808    i.is_conn_params_ok  ble_conn_params.o
    0x00025830   0x00000030   Code   RO          454    i.leds_off          bsp.o
    0x00025860   0x00000014   Code   RO          455    i.leds_timer_handler  bsp.o
    0x00025874   0x00000028   Code   RO         1240    i.lfclk_stop        nrf_drv_clock.o
    0x0002589c   0x00000018   Code   RO         1089    i.link_init         nrf_ble_gatt.o
    0x000258b4   0x000000f8   Code   RO         2200    i.list_insertions_handler  app_timer.o
    0x000259ac   0x00000090   Code   RO         3353    i.log_skip          nrf_log_frontend.o
    0x00025a3c   0x000001f4   Code   RO           10    i.main              main.o
    0x00025c30   0x00000064   Code   RO          651    i.manuf_specific_data_encode  ble_advdata.o
    0x00025c94   0x00000076   Code   RO         2880    i.memobj_op         nrf_memobj.o
    0x00025d0a   0x00000002   PAD
    0x00025d0c   0x00000038   Code   RO         3354    i.module_idx_get    nrf_log_frontend.o
    0x00025d44   0x0000009c   Code   RO          652    i.name_encode       ble_advdata.o
    0x00025de0   0x0000000c   Code   RO         3355    i.nrf_atomic_flag_clear_fetch  nrf_log_frontend.o
    0x00025dec   0x0000000e   Code   RO         3356    i.nrf_atomic_flag_set  nrf_log_frontend.o
    0x00025dfa   0x00000044   Code   RO         2604    i.nrf_balloc_alloc  nrf_balloc.o
    0x00025e3e   0x00000030   Code   RO         2605    i.nrf_balloc_free   nrf_balloc.o
    0x00025e6e   0x00000030   Code   RO         2606    i.nrf_balloc_init   nrf_balloc.o
    0x00025e9e   0x00000010   Code   RO         1446    i.nrf_bitmask_bit_is_set  nrf_drv_gpiote.o
    0x00025eae   0x00000018   Code   RO         1091    i.nrf_ble_gatt_att_mtu_periph_set  nrf_ble_gatt.o
    0x00025ec6   0x00000022   Code   RO         1095    i.nrf_ble_gatt_init  nrf_ble_gatt.o
    0x00025ee8   0x00000148   Code   RO         1096    i.nrf_ble_gatt_on_ble_evt  nrf_ble_gatt.o
    0x00026030   0x0000000e   Code   RO         1241    i.nrf_clock_event_check  nrf_drv_clock.o
    0x0002603e   0x00000010   Code   RO         1242    i.nrf_clock_event_clear  nrf_drv_clock.o
    0x0002604e   0x00000002   PAD
    0x00026050   0x0000008c   Code   RO         2201    i.nrf_delay_us      app_timer.o
    0x000260dc   0x00000048   Code   RO         1249    i.nrf_drv_clock_init  nrf_drv_clock.o
    0x00026124   0x0000002c   Code   RO         1253    i.nrf_drv_clock_lfclk_release  nrf_drv_clock.o
    0x00026150   0x00000038   Code   RO         1406    i.nrf_drv_common_irq_enable  nrf_drv_common.o
    0x00026188   0x00000006   Code   RO         1693    i.nrf_drv_get_IRQn  nrf_drv_uart.o
    0x0002618e   0x00000002   PAD
    0x00026190   0x000000a4   Code   RO         1451    i.nrf_drv_gpiote_in_event_enable  nrf_drv_gpiote.o
    0x00026234   0x000000b8   Code   RO         1452    i.nrf_drv_gpiote_in_init  nrf_drv_gpiote.o
    0x000262ec   0x00000014   Code   RO         1453    i.nrf_drv_gpiote_in_is_set  nrf_drv_gpiote.o
    0x00026300   0x0000005c   Code   RO         1455    i.nrf_drv_gpiote_init  nrf_drv_gpiote.o
    0x0002635c   0x00000014   Code   RO         1456    i.nrf_drv_gpiote_is_init  nrf_drv_gpiote.o
    0x00026370   0x00000010   Code   RO         1694    i.nrf_drv_is_in_RAM  nrf_drv_uart.o
    0x00026380   0x00000068   Code   RO         1696    i.nrf_drv_uart_init  nrf_drv_uart.o
    0x000263e8   0x000000b0   Code   RO         1697    i.nrf_drv_uart_rx   nrf_drv_uart.o
    0x00026498   0x00000030   Code   RO         1700    i.nrf_drv_uart_rx_enable  nrf_drv_uart.o
    0x000264c8   0x000000a8   Code   RO         1701    i.nrf_drv_uart_rx_for_uart  nrf_drv_uart.o
    0x00026570   0x000000b0   Code   RO         1702    i.nrf_drv_uart_rx_for_uarte  nrf_drv_uart.o
    0x00026620   0x0000010c   Code   RO         1704    i.nrf_drv_uart_tx   nrf_drv_uart.o
    0x0002672c   0x00000018   Code   RO         1706    i.nrf_drv_uart_tx_in_progress  nrf_drv_uart.o
    0x00026744   0x0000001a   Code   RO         2645    i.nrf_fprintf       nrf_fprintf.o
    0x0002675e   0x00000018   Code   RO         2646    i.nrf_fprintf_buffer_flush  nrf_fprintf.o
    0x00026776   0x000001da   Code   RO         2690    i.nrf_fprintf_fmt   nrf_fprintf_format.o
    0x00026950   0x00000050   Code   RO         2729    i.nrf_fstorage_is_busy  nrf_fstorage.o
    0x000269a0   0x00000020   Code   RO         2785    i.nrf_fstorage_sdh_req_handler  nrf_fstorage_sd.o
    0x000269c0   0x00000020   Code   RO         2786    i.nrf_fstorage_sdh_state_handler  nrf_fstorage_sd.o
    0x000269e0   0x000000b8   Code   RO         2787    i.nrf_fstorage_sys_evt_handler  nrf_fstorage_sd.o
    0x00026a98   0x00000024   Code   RO          339    i.nrf_gpio_cfg      boards.o
    0x00026abc   0x00000024   Code   RO         1470    i.nrf_gpio_cfg      nrf_drv_gpiote.o
    0x00026ae0   0x00000024   Code   RO         1708    i.nrf_gpio_cfg      nrf_drv_uart.o
    0x00026b04   0x00000012   Code   RO         1710    i.nrf_gpio_cfg_input  nrf_drv_uart.o
    0x00026b16   0x00000014   Code   RO         1711    i.nrf_gpio_cfg_output  nrf_drv_uart.o
    0x00026b2a   0x00000022   Code   RO          456    i.nrf_gpio_cfg_sense_set  bsp.o
    0x00026b4c   0x00000022   Code   RO         1472    i.nrf_gpio_cfg_sense_set  nrf_drv_gpiote.o
    0x00026b6e   0x00000016   Code   RO          340    i.nrf_gpio_pin_write  boards.o
    0x00026b84   0x00000028   Code   RO         1473    i.nrf_gpio_ports_read  nrf_drv_gpiote.o
    0x00026bac   0x00000014   Code   RO         1474    i.nrf_gpiote_event_clear  nrf_drv_gpiote.o
    0x00026bc0   0x00000010   Code   RO         1475    i.nrf_gpiote_event_is_set  nrf_drv_gpiote.o
    0x00026bd0   0x00000068   Code   RO         3357    i.nrf_log_backend_add  nrf_log_frontend.o
    0x00026c38   0x00000002   Code   RO         3218    i.nrf_log_backend_rtt_flush  nrf_log_backend_rtt.o
    0x00026c3a   0x00000004   Code   RO         3219    i.nrf_log_backend_rtt_init  nrf_log_backend_rtt.o
    0x00026c3e   0x00000002   Code   RO         3220    i.nrf_log_backend_rtt_panic_set  nrf_log_backend_rtt.o
    0x00026c40   0x00000018   Code   RO         3221    i.nrf_log_backend_rtt_put  nrf_log_backend_rtt.o
    0x00026c58   0x000000d2   Code   RO         3282    i.nrf_log_backend_serial_put  nrf_log_backend_serial.o
    0x00026d2a   0x00000002   PAD
    0x00026d2c   0x00000028   Code   RO         3359    i.nrf_log_color_id_get  nrf_log_frontend.o
    0x00026d54   0x0000001c   Code   RO         3316    i.nrf_log_default_backends_init  nrf_log_default_backends.o
    0x00026d70   0x000001ac   Code   RO         3360    i.nrf_log_frontend_dequeue  nrf_log_frontend.o
    0x00026f1c   0x00000008   Code   RO         3362    i.nrf_log_frontend_std_0  nrf_log_frontend.o
    0x00026f24   0x0000000e   Code   RO         3363    i.nrf_log_frontend_std_1  nrf_log_frontend.o
    0x00026f32   0x00000010   Code   RO         3364    i.nrf_log_frontend_std_2  nrf_log_frontend.o
    0x00026f42   0x00000002   PAD
    0x00026f44   0x000000ac   Code   RO         3544    i.nrf_log_hexdump_entry_process  nrf_log_str_formatter.o
    0x00026ff0   0x0000005c   Code   RO         3369    i.nrf_log_init      nrf_log_frontend.o
    0x0002704c   0x00000014   Code   RO         3370    i.nrf_log_module_cnt_get  nrf_log_frontend.o
    0x00027060   0x00000024   Code   RO         3371    i.nrf_log_module_filter_get  nrf_log_frontend.o
    0x00027084   0x0000001c   Code   RO         3373    i.nrf_log_module_name_get  nrf_log_frontend.o
    0x000270a0   0x00000028   Code   RO         3374    i.nrf_log_panic     nrf_log_frontend.o
    0x000270c8   0x000000b6   Code   RO         3545    i.nrf_log_std_entry_process  nrf_log_str_formatter.o
    0x0002717e   0x00000060   Code   RO         2881    i.nrf_memobj_alloc  nrf_memobj.o
    0x000271de   0x00000032   Code   RO         2882    i.nrf_memobj_free   nrf_memobj.o
    0x00027210   0x0000000e   Code   RO         2883    i.nrf_memobj_get    nrf_memobj.o
    0x0002721e   0x00000004   Code   RO         2884    i.nrf_memobj_pool_init  nrf_memobj.o
    0x00027222   0x00000022   Code   RO         2885    i.nrf_memobj_put    nrf_memobj.o
    0x00027244   0x0000000c   Code   RO         2886    i.nrf_memobj_read   nrf_memobj.o
    0x00027250   0x0000000c   Code   RO         2887    i.nrf_memobj_write  nrf_memobj.o
    0x0002725c   0x00000014   Code   RO         3951    i.nrf_sdh_ble_app_ram_start_get  nrf_sdh_ble.o
    0x00027270   0x00000158   Code   RO         3952    i.nrf_sdh_ble_default_cfg_set  nrf_sdh_ble.o
    0x000273c8   0x000000d0   Code   RO         3953    i.nrf_sdh_ble_enable  nrf_sdh_ble.o
    0x00027498   0x00000050   Code   RO         3954    i.nrf_sdh_ble_evts_poll  nrf_sdh_ble.o
    0x000274e8   0x00000040   Code   RO         3826    i.nrf_sdh_disable_request  nrf_sdh.o
    0x00027528   0x00000058   Code   RO         3827    i.nrf_sdh_enable_request  nrf_sdh.o
    0x00027580   0x00000024   Code   RO         3828    i.nrf_sdh_evts_poll  nrf_sdh.o
    0x000275a4   0x0000000c   Code   RO         3829    i.nrf_sdh_is_enabled  nrf_sdh.o
    0x000275b0   0x0000001c   Code   RO         3831    i.nrf_sdh_request_continue  nrf_sdh.o
    0x000275cc   0x0000003c   Code   RO         4001    i.nrf_sdh_soc_evts_poll  nrf_sdh_soc.o
    0x00027608   0x0000000a   Code   RO         3047    i.nrf_section_iter_init  nrf_section_iter.o
    0x00027612   0x00000024   Code   RO         3048    i.nrf_section_iter_item_set  nrf_section_iter.o
    0x00027636   0x00000020   Code   RO         3049    i.nrf_section_iter_next  nrf_section_iter.o
    0x00027656   0x00000002   PAD
    0x00027658   0x00000038   Code   RO         3082    i.nrf_strerror_find  nrf_strerror.o
    0x00027690   0x00000014   Code   RO         3083    i.nrf_strerror_get  nrf_strerror.o
    0x000276a4   0x0000000a   Code   RO         1712    i.nrf_uart_event_check  nrf_drv_uart.o
    0x000276ae   0x0000000c   Code   RO         1713    i.nrf_uart_event_clear  nrf_drv_uart.o
    0x000276ba   0x0000000c   Code   RO         1714    i.nrf_uart_int_enable_check  nrf_drv_uart.o
    0x000276c6   0x0000000a   Code   RO         1715    i.nrf_uarte_event_check  nrf_drv_uart.o
    0x000276d0   0x0000000c   Code   RO         1716    i.nrf_uarte_event_clear  nrf_drv_uart.o
    0x000276dc   0x00000090   Code   RO           11    i.nus_data_handler  main.o
    0x0002776c   0x00000024   Code   RO           12    i.on_adv_evt        main.o
    0x00027790   0x0000001c   Code   RO           13    i.on_conn_params_evt  main.o
    0x000277ac   0x0000009c   Code   RO         1097    i.on_connected_evt  nrf_ble_gatt.o
    0x00027848   0x00000074   Code   RO         1098    i.on_exchange_mtu_request_evt  nrf_ble_gatt.o
    0x000278bc   0x00000018   Code   RO         1476    i.pin_in_use_by_port  nrf_drv_gpiote.o
    0x000278d4   0x00000018   Code   RO         1477    i.pin_in_use_by_te  nrf_drv_gpiote.o
    0x000278ec   0x0000003c   Code   RO         3546    i.postfix_process   nrf_log_str_formatter.o
    0x00027928   0x0000005c   Code   RO         3547    i.prefix_process    nrf_log_str_formatter.o
    0x00027984   0x00000088   Code   RO         2789    i.queue_process     nrf_fstorage_sd.o
    0x00027a0c   0x0000003c   Code   RO         2202    i.rtc1_stop         app_timer.o
    0x00027a48   0x00000032   Code   RO         1718    i.rx_byte           nrf_drv_uart.o
    0x00027a7a   0x000000a2   Code   RO         1189    i.rx_char_add       ble_nus.o
    0x00027b1c   0x00000018   Code   RO         1719    i.rx_done_event     nrf_drv_uart.o
    0x00027b34   0x00000020   Code   RO         1720    i.rx_enable         nrf_drv_uart.o
    0x00027b54   0x00000040   Code   RO         3834    i.sd_nvic_DisableIRQ  nrf_sdh.o
    0x00027b94   0x00000070   Code   RO         3835    i.sd_nvic_EnableIRQ  nrf_sdh.o
    0x00027c04   0x00000054   Code   RO         1256    i.sd_state_evt_handler  nrf_drv_clock.o
    0x00027c58   0x00000030   Code   RO         3836    i.sdh_request_observer_notify  nrf_sdh.o
    0x00027c88   0x0000002c   Code   RO         3837    i.sdh_state_observer_notify  nrf_sdh.o
    0x00027cb4   0x00000044   Code   RO         3153    i.sdk_mapped_flags_bulk_update_by_key  sdk_mapped_flags.o
    0x00027cf8   0x00000022   Code   RO         3154    i.sdk_mapped_flags_first_key_index_get  sdk_mapped_flags.o
    0x00027d1a   0x00000010   Code   RO         3155    i.sdk_mapped_flags_get_by_index  sdk_mapped_flags.o
    0x00027d2a   0x0000004a   Code   RO         3158    i.sdk_mapped_flags_key_list_get  sdk_mapped_flags.o
    0x00027d74   0x0000000e   Code   RO         3160    i.sdk_mapped_flags_update_by_key  sdk_mapped_flags.o
    0x00027d82   0x00000002   PAD
    0x00027d84   0x00000010   Code   RO          809    i.send_error_evt    ble_conn_params.o
    0x00027d94   0x0000002a   Code   RO         3222    i.serial_tx         nrf_log_backend_rtt.o
    0x00027dbe   0x00000002   PAD
    0x00027dc0   0x00000088   Code   RO          653    i.service_data_encode  ble_advdata.o
    0x00027e48   0x00000028   Code   RO           14    i.sleep_mode_enter  main.o
    0x00027e70   0x0000000a   Code   RO         1257    i.soc_evt_handler   nrf_drv_clock.o
    0x00027e7a   0x00000002   PAD
    0x00027e7c   0x00000098   Code   RO         3376    i.std_n             nrf_log_frontend.o
    0x00027f14   0x00000080   Code   RO         2203    i.timer_list_handler  app_timer.o
    0x00027f94   0x0000003c   Code   RO         2204    i.timer_list_insert  app_timer.o
    0x00027fd0   0x00000060   Code   RO         2205    i.timer_list_remove  app_timer.o
    0x00028030   0x00000048   Code   RO         2206    i.timer_stop_op_schedule  app_timer.o
    0x00028078   0x00000074   Code   RO         2207    i.timer_timeouts_check  app_timer.o
    0x000280ec   0x00000020   Code   RO         1721    i.tx_byte           nrf_drv_uart.o
    0x0002810c   0x000000da   Code   RO         1190    i.tx_char_add       ble_nus.o
    0x000281e6   0x0000001c   Code   RO         1722    i.tx_done_event     nrf_drv_uart.o
    0x00028202   0x00000002   PAD
    0x00028204   0x0000006c   Code   RO           15    i.uart_event_handle  main.o
    0x00028270   0x000000a0   Code   RO         2357    i.uart_event_handler  app_uart_fifo.o
    0x00028310   0x0000011e   Code   RO         1723    i.uart_irq_handler  nrf_drv_uart.o
    0x0002842e   0x000000f0   Code   RO         1724    i.uarte_irq_handler  nrf_drv_uart.o
    0x0002851e   0x0000000a   Code   RO          654    i.uint16_encode     ble_advdata.o
    0x00028528   0x000000b4   Code   RO         2691    i.unsigned_print    nrf_fprintf_format.o
    0x000285dc   0x00000068   Code   RO          810    i.update_timeout_handler  ble_conn_params.o
    0x00028644   0x00000030   Code   RO         2208    i.user_op_alloc     app_timer.o
    0x00028674   0x00000030   Code   RO          655    i.uuid_list_encode  ble_advdata.o
    0x000286a4   0x0000009e   Code   RO          656    i.uuid_list_sized_encode  ble_advdata.o
    0x00028742   0x00000002   PAD
    0x00028744   0x00000018   Data   RO           17    .constdata          main.o
    0x0002875c   0x00000008   Data   RO          341    .constdata          boards.o
    0x00028764   0x0000002c   Data   RO          461    .constdata          bsp.o
    0x00028790   0x00000016   Data   RO         1099    .constdata          nrf_ble_gatt.o
    0x000287a6   0x00000002   PAD
    0x000287a8   0x00000020   Data   RO         1191    .constdata          ble_nus.o
    0x000287c8   0x00000004   Data   RO         1479    .constdata          nrf_drv_gpiote.o
    0x000287cc   0x00000008   Data   RO         1927    .constdata          app_button.o
    0x000287d4   0x00000020   Data   RO         2359    .constdata          app_uart_fifo.o
    0x000287f4   0x00000010   Data   RO         2692    .constdata          nrf_fprintf_format.o
    0x00028804   0x00000104   Data   RO         3084    .constdata          nrf_strerror.o
    0x00028908   0x0000000c   Data   RO         3224    .constdata          nrf_log_backend_rtt.o
    0x00028914   0x00000014   Data   RO         3379    .constdata          nrf_log_frontend.o
    0x00028928   0x00000010   Data   RO         3838    .constdata          nrf_sdh.o
    0x00028938   0x00000028   Data   RO         3839    .constdata          nrf_sdh.o
    0x00028960   0x00000010   Data   RO         3840    .constdata          nrf_sdh.o
    0x00028970   0x00000010   Data   RO         3841    .constdata          nrf_sdh.o
    0x00028980   0x00000018   Data   RO         3955    .constdata          nrf_sdh_ble.o
    0x00028998   0x00000014   Data   RO         3956    .constdata          nrf_sdh_ble.o
    0x000289ac   0x00000010   Data   RO         4002    .constdata          nrf_sdh_soc.o
    0x000289bc   0x0000000c   Data   RO         4003    .constdata          nrf_sdh_soc.o
    0x000289c8   0x00000081   Data   RO         4079    .constdata          mc_w.l(ctype_o.o)
    0x00028a49   0x00000003   PAD
    0x00028a4c   0x00000004   Data   RO         4080    .constdata          mc_w.l(ctype_o.o)
    0x00028a50   0x0000012d   Data   RO         1100    .conststring        nrf_ble_gatt.o
    0x00028b7d   0x00000003   PAD
    0x00028b80   0x00000307   Data   RO         3085    .conststring        nrf_strerror.o
    0x00028e87   0x00000001   PAD
    0x00028e88   0x00000066   Data   RO         3548    .conststring        nrf_log_str_formatter.o
    0x00028eee   0x00000002   PAD
    0x00028ef0   0x000001cf   Data   RO         3957    .conststring        nrf_sdh_ble.o
    0x000290bf   0x00000001   PAD
    0x000290c0   0x00000009   Data   RO         1101    .conststrlit        nrf_ble_gatt.o
    0x000290c9   0x00000003   PAD
    0x000290cc   0x00000006   Data   RO         1263    .conststrlit        nrf_drv_clock.o
    0x000290d2   0x00000002   PAD
    0x000290d4   0x00000007   Data   RO         1483    .conststrlit        nrf_drv_gpiote.o
    0x000290db   0x00000001   PAD
    0x000290dc   0x00000005   Data   RO         1726    .conststrlit        nrf_drv_uart.o
    0x000290e1   0x00000003   PAD
    0x000290e4   0x00000007   Data   RO         2607    .conststrlit        nrf_balloc.o
    0x000290eb   0x00000001   PAD
    0x000290ec   0x00000009   Data   RO         2976    .conststrlit        nrf_pwr_mgmt.o
    0x000290f5   0x00000003   PAD
    0x000290f8   0x00000004   Data   RO         3381    .conststrlit        nrf_log_frontend.o
    0x000290fc   0x00000008   Data   RO         3842    .conststrlit        nrf_sdh.o
    0x00029104   0x0000000c   Data   RO         3958    .conststrlit        nrf_sdh_ble.o
    0x00029110   0x0000000c   Data   RO         4004    .conststrlit        nrf_sdh_soc.o
    0x0002911c   0x00000020   Data   RO         4413    Region$$Table       anon$$obj.o
    0x0002913c   0x00000008   Data   RO         1102    log_const_data      nrf_ble_gatt.o
    0x00029144   0x00000008   Data   RO         1264    log_const_data      nrf_drv_clock.o
    0x0002914c   0x00000008   Data   RO         1484    log_const_data      nrf_drv_gpiote.o
    0x00029154   0x00000008   Data   RO         1727    log_const_data      nrf_drv_uart.o
    0x0002915c   0x00000008   Data   RO         2608    log_const_data      nrf_balloc.o
    0x00029164   0x00000008   Data   RO         2978    log_const_data      nrf_pwr_mgmt.o
    0x0002916c   0x00000008   Data   RO         3385    log_const_data      nrf_log_frontend.o
    0x00029174   0x00000008   Data   RO         3844    log_const_data      nrf_sdh.o
    0x0002917c   0x00000008   Data   RO         3959    log_const_data      nrf_sdh_ble.o
    0x00029184   0x00000008   Data   RO         4005    log_const_data      nrf_sdh_soc.o
    0x0002918c   0x00000008   Data   RO          899    sdh_ble_observers0  ble_conn_state.o
    0x00029194   0x00000008   Data   RO           19    sdh_ble_observers1  main.o
    0x0002919c   0x00000008   Data   RO          567    sdh_ble_observers1  bsp_btn_ble.o
    0x000291a4   0x00000018   Data   RO           20    sdh_ble_observers2  main.o
    0x000291bc   0x00000008   Data   RO          813    sdh_ble_observers2  ble_conn_params.o
    0x000291c4   0x00000008   Data   RO         2798    sdh_req_observers0  nrf_fstorage_sd.o
    0x000291cc   0x00000008   Data   RO         1266    sdh_soc_observers0  nrf_drv_clock.o
    0x000291d4   0x00000008   Data   RO         2799    sdh_soc_observers0  nrf_fstorage_sd.o
    0x000291dc   0x00000008   Data   RO           21    sdh_soc_observers1  main.o
    0x000291e4   0x00000008   Data   RO         3961    sdh_stack_observers0  nrf_sdh_ble.o
    0x000291ec   0x00000008   Data   RO         4007    sdh_stack_observers0  nrf_sdh_soc.o
    0x000291f4   0x00000008   Data   RO         1267    sdh_state_observers0  nrf_drv_clock.o
    0x000291fc   0x00000008   Data   RO         2800    sdh_state_observers0  nrf_fstorage_sd.o


    Execution Region RW_IRAM1 (Base: 0x20002a68, Size: 0x000030b8, Max: 0x0000d598, ABSOLUTE, COMPRESSED[0x00000044])

    Base Addr    Size         Type   Attr      Idx    E Section Name        Object

    0x20002a68   0x0000000a   Data   RW           18    .data               main.o
    0x20002a72   0x00000002   PAD
    0x20002a74   0x00000010   Data   RW          462    .data               bsp.o
    0x20002a84   0x00000008   Data   RW          566    .data               bsp_btn_ble.o
    0x20002a8c   0x00000008   Data   RW          812    .data               ble_conn_params.o
    0x20002a94   0x00000014   Data   RW         1928    .data               app_button.o
    0x20002aa8   0x00000014   Data   RW         2210    .data               app_timer.o
    0x20002abc   0x00000010   Data   RW         2360    .data               app_uart_fifo.o
    0x20002acc   0x00000008   Data   RW         2797    .data               nrf_fstorage_sd.o
    0x20002ad4   0x00000004   Data   RW         3117    .data               retarget.o
    0x20002ad8   0x0000000c   Data   RW         3317    .data               nrf_log_default_backends.o
    0x20002ae4   0x00000008   Data   RW         3383    .data               nrf_log_frontend.o
    0x20002aec   0x00000008   Data   RW         3384    .data               nrf_log_frontend.o
    0x20002af4   0x00000038   Data   RW         3549    .data               nrf_log_str_formatter.o
    0x20002b2c   0x00000003   Data   RW         3843    .data               nrf_sdh.o
    0x20002b2f   0x00000001   PAD
    0x20002b30   0x00000004   Data   RW         4042    .data               system_nrf52.o
    0x20002b34   0x0000000c   Data   RW         1103    log_dynamic_data    nrf_ble_gatt.o
    0x20002b40   0x0000000c   Data   RW         1265    log_dynamic_data    nrf_drv_clock.o
    0x20002b4c   0x0000000c   Data   RW         1485    log_dynamic_data    nrf_drv_gpiote.o
    0x20002b58   0x0000000c   Data   RW         1728    log_dynamic_data    nrf_drv_uart.o
    0x20002b64   0x0000000c   Data   RW         2609    log_dynamic_data    nrf_balloc.o
    0x20002b70   0x0000000c   Data   RW         2979    log_dynamic_data    nrf_pwr_mgmt.o
    0x20002b7c   0x0000000c   Data   RW         3386    log_dynamic_data    nrf_log_frontend.o
    0x20002b88   0x0000000c   Data   RW         3845    log_dynamic_data    nrf_sdh.o
    0x20002b94   0x0000000c   Data   RW         3960    log_dynamic_data    nrf_sdh_ble.o
    0x20002ba0   0x0000000c   Data   RW         4006    log_dynamic_data    nrf_sdh_soc.o
    0x20002bac   0x000003fc   Zero   RW           16    .bss                main.o
    0x20002fa8   0x00000020   Zero   RW          457    .bss                bsp.o
    0x20002fc8   0x00000020   Zero   RW          458    .bss                bsp.o
    0x20002fe8   0x0000000c   Zero   RW          459    .bss                bsp.o
    0x20002ff4   0x00000020   Zero   RW          460    .bss                bsp.o
    0x20003014   0x00000050   Zero   RW          811    .bss                ble_conn_params.o
    0x20003064   0x000000b8   Zero   RW          898    .bss                ble_conn_state.o
    0x2000311c   0x00000014   Zero   RW         1258    .bss                nrf_drv_clock.o
    0x20003130   0x00000058   Zero   RW         1478    .bss                nrf_drv_gpiote.o
    0x20003188   0x00000020   Zero   RW         1725    .bss                nrf_drv_uart.o
    0x200031a8   0x00000020   Zero   RW         1926    .bss                app_button.o
    0x200031c8   0x0000010c   Zero   RW         2209    .bss                app_timer.o
    0x200032d4   0x00000020   Zero   RW         2358    .bss                app_uart_fifo.o
    0x200032f4   0x0000000c   Zero   RW         2424    .bss                app_util_platform.o
    0x20003300   0x00000078   Zero   RW         2794    .bss                nrf_fstorage_sd.o
    0x20003378   0x00000040   Zero   RW         3223    .bss                nrf_log_backend_rtt.o
    0x200033b8   0x000000c0   Zero   RW         3377    .bss                nrf_log_frontend.o
    0x20003478   0x00000420   Zero   RW         3378    .bss                nrf_log_frontend.o
    0x20003898   0x00000288   Zero   RW         3620    .bss                segger_rtt.o
    0x20003b20   0x00002000   Zero   RW         4030    STACK               arm_startup_nrf52.o


==============================================================================

Image component sizes


      Code (inc. data)   RO Data    RW Data    ZI Data      Debug   Object Name

       332         34          8         20         32      10090   app_button.o
        22          0          0          0          0       2229   app_error.o
       120         40          0          0          0      27381   app_error_weak.o
       118          0          0          0          0       4942   app_fifo.o
      1630        124          0         20        268      47479   app_timer.o
       452         42         32         16         32      10830   app_uart_fifo.o
       124         14          0          0         12       9422   app_util_platform.o
        36          8        512          0       8192        920   arm_startup_nrf52.o
      1330          0          0          0          0      36287   ble_advdata.o
       988          6          0          0          0      10296   ble_advertising.o
       636         44          8          8         80      11647   ble_conn_params.o
       268          6          8          0        184       3379   ble_conn_state.o
       692         10         32          0          0       7590   ble_nus.o
         8          0          0          0          0       1438   ble_srv_common.o
       318         42          8          0          0      13256   boards.o
       960         84         44         16        108      15307   bsp.o
       252         10          8          8          0       4752   bsp_btn_ble.o
      1384        246         64         10       1020     150858   main.o
       164          0         15         12          0       3877   nrf_balloc.o
       682         44        340         12          0      39878   nrf_ble_gatt.o
       408         40         30         12         20      40987   nrf_drv_clock.o
        56          0          0          0          0      27547   nrf_drv_common.o
      1178         84         19         12         88      30318   nrf_drv_gpiote.o
      2140         66         13         12         32      42159   nrf_drv_uart.o
        50          0          0          0          0       3493   nrf_fprintf.o
       850          4         16          0          0       5438   nrf_fprintf_format.o
        80         10          0          0          0       1838   nrf_fstorage.o
       462         26         24          8        120       6767   nrf_fstorage_sd.o
        74          8         12          0         64       5477   nrf_log_backend_rtt.o
       210          0          0          0          0      10215   nrf_log_backend_serial.o
        28          6          0         12          0       3154   nrf_log_default_backends.o
      1466         94         32         28       1248      32359   nrf_log_frontend.o
       506         66        102         56          0       5552   nrf_log_str_formatter.o
       494          0          0          0          0      13039   nrf_memobj.o
         0          0         17         12          0       7181   nrf_pwr_mgmt.o
       536         60        104         15          0      51088   nrf_sdh.o
       652        158        535         12          0       5774   nrf_sdh_ble.o
        60          4         56         12          0       2552   nrf_sdh_soc.o
        78          0          0          0          0       2740   nrf_section_iter.o
        76         10       1035          0          0       2707   nrf_strerror.o
        14          0          0          4          0       2850   retarget.o
       206          0          0          0          0       5350   sdk_mapped_flags.o
       378         34          0          0        648       8905   segger_rtt.o
       764         64          0          4          0       2931   system_nrf52.o

    ----------------------------------------------------------------------
     21326       1488       3128        324      12148     732279   Object Totals
         0          0         32          0          0          0   (incl. Generated)
        44          0         22          3          0          0   (incl. Padding)

    ----------------------------------------------------------------------

      Code (inc. data)   RO Data    RW Data    ZI Data      Debug   Library Member Name

        86          0          0          0          0          0   __dczerorl2.o
         8          4        133          0          0         68   ctype_o.o
         0          0          0          0          0          0   entry.o
         0          0          0          0          0          0   entry10a.o
         0          0          0          0          0          0   entry11a.o
         8          4          0          0          0          0   entry2.o
         4          0          0          0          0          0   entry5.o
         0          0          0          0          0          0   entry7b.o
         0          0          0          0          0          0   entry8b.o
         8          4          0          0          0          0   entry9a.o
        30          0          0          0          0          0   handlers.o
        36          8          0          0          0         68   init.o
        30          0          0          0          0         68   llshl.o
        32          0          0          0          0         68   llushr.o
        36          0          0          0          0         68   memcpya.o
        36          0          0          0          0        108   memseta.o
        50          8          0          0          0        152   printfb.o
        18          0          0          0          0         68   strcpy.o
        14          0          0          0          0         68   strlen.o
        98          0          0          0          0         92   uldiv.o

    ----------------------------------------------------------------------
       502         28        136          0          0        828   Library Totals
         8          0          3          0          0          0   (incl. Padding)

    ----------------------------------------------------------------------

      Code (inc. data)   RO Data    RW Data    ZI Data      Debug   Library Name

       494         28        133          0          0        828   mc_w.l

    ----------------------------------------------------------------------
       502         28        136          0          0        828   Library Totals

    ----------------------------------------------------------------------

==============================================================================


      Code (inc. data)   RO Data    RW Data    ZI Data      Debug   

     21828       1516       3264        324      12148     708179   Grand Totals
     21828       1516       3264         68      12148     708179   ELF Image Totals (compressed)
     21828       1516       3264         68          0          0   ROM Totals

==============================================================================

    Total RO  Size (Code + RO Data)                25092 (  24.50kB)
    Total RW  Size (RW Data + ZI Data)             12472 (  12.18kB)
    Total ROM Size (Code + RO Data + RW Data)      25160 (  24.57kB)

==============================================================================

